WARN [08-10|20:47:55.887] Unknown config environment variable      envvar=GETH_CRYPTOUPGRADE_PLUGIN_DIR
INFO [08-10|20:47:55.914] Maximum peer count                       ETH=50 total=50
INFO [08-10|20:47:55.915] Smartcard socket not found, disabling    err="stat /run/pcscd/pcscd.comm: no such file or directory"
WARN [08-10|20:47:55.919] Sanitizing cache to Go's GC limits       source=system provided=4096 updated=2530
INFO [08-10|20:47:55.923] Set global gas cap                       cap=50,000,000
INFO [08-10|20:47:57.051] Using developer account                  address=0xF5F871aA6Bd253914705898c66251f994aa426FA
INFO [08-10|20:47:57.053] Using pebble as the backing database
INFO [08-10|20:47:57.053] Allocated cache and file handles         database=/home/liuqi/project/paper/go-ethereum/build/bin/chain/chain/node1/geth/chaindata cache=1.24GiB handles=524,288 version=v2
INFO [08-10|20:47:57.058] Opened ancient database                  database=/home/liuqi/project/paper/go-ethereum/build/bin/chain/chain/node1/geth/chaindata/ancient/chain readonly=true
INFO [08-10|20:47:57.059] Opened Era store                         datadir=/home/liuqi/project/paper/go-ethereum/build/bin/chain/chain/node1/geth/chaindata/ancient/chain/era
WARN [08-10|20:47:57.061] Setting network ID with command-line flag id=11,223,344
INFO [08-10|20:47:57.062] Initializing the KZG library             backend=gokzg
INFO [08-10|20:47:57.064] Allocated trie memory caches             clean=379.00MiB dirty=632.00MiB
INFO [08-10|20:47:57.064] Using pebble as the backing database
INFO [08-10|20:47:57.064] Allocated cache and file handles         database=/home/liuqi/project/paper/go-ethereum/build/bin/chain/chain/node1/geth/chaindata cache=1.24GiB handles=524,288 version=v2
INFO [08-10|20:47:57.143] Opened ancient database                  database=/home/liuqi/project/paper/go-ethereum/build/bin/chain/chain/node1/geth/chaindata/ancient/chain readonly=false
INFO [08-10|20:47:57.143] Opened Era store                         datadir=/home/liuqi/project/paper/go-ethereum/build/bin/chain/chain/node1/geth/chaindata/ancient/chain/era
INFO [08-10|20:47:57.144] State scheme set to already existing     scheme=path
INFO [08-10|20:47:57.144] Initialising Ethereum protocol           network=11,223,344 dbversion=9
WARN [08-10|20:47:57.144] Sanitizing invalid node buffer size      provided=632.00MiB updated=256.00MiB
INFO [08-10|20:47:57.144] Load database journal from file          path=/home/liuqi/project/paper/go-ethereum/build/bin/chain/chain/node1/geth/triedb/merkle.journal
INFO [08-10|20:47:57.172] Opened ancient database                  database=/home/liuqi/project/paper/go-ethereum/build/bin/chain/chain/node1/geth/chaindata/ancient/state readonly=false
INFO [08-10|20:47:57.173] Initialized path database                triecache=379.00MiB statecache=253.00MiB buffer=256.00MiB state-history="last 90000 blocks" journal-dir=/home/liuqi/project/paper/go-ethereum/build/bin/chain/chain/node1/geth/triedb
INFO [08-10|20:47:57.173] 
INFO [08-10|20:47:57.174] ---------------------------------------------------------------------------------------------------------------------------------------------------------
INFO [08-10|20:47:57.174] Chain ID:  11223344 (unknown)
INFO [08-10|20:47:57.174] Consensus: Beacon (proof-of-stake), merged from Clique (proof-of-authority)
INFO [08-10|20:47:57.174] 
INFO [08-10|20:47:57.174] Pre-Merge hard forks (block based):
INFO [08-10|20:47:57.174]  - Homestead:                   #0       
INFO [08-10|20:47:57.174]  - Tangerine Whistle (EIP 150): #0       
INFO [08-10|20:47:57.174]  - Spurious Dragon/1 (EIP 155): #0       
INFO [08-10|20:47:57.174]  - Spurious Dragon/2 (EIP 158): #0       
INFO [08-10|20:47:57.174]  - Byzantium:                   #0       
INFO [08-10|20:47:57.174]  - Constantinople:              #0       
INFO [08-10|20:47:57.174]  - Petersburg:                  #0       
INFO [08-10|20:47:57.174]  - Istanbul:                    #0       
INFO [08-10|20:47:57.174]  - Berlin:                      #0       
INFO [08-10|20:47:57.174]  - London:                      #0       
INFO [08-10|20:47:57.174] 
INFO [08-10|20:47:57.174] Merge configured:
INFO [08-10|20:47:57.174]  - Total terminal difficulty:  0
INFO [08-10|20:47:57.174] 
INFO [08-10|20:47:57.174] Post-Merge hard forks (timestamp based):
INFO [08-10|20:47:57.174] 
INFO [08-10|20:47:57.174] All fork specifications can be found at https://ethereum.github.io/execution-specs/src/ethereum/forks/
INFO [08-10|20:47:57.174] 
INFO [08-10|20:47:57.174] ---------------------------------------------------------------------------------------------------------------------------------------------------------
INFO [08-10|20:47:57.174] 
INFO [08-10|20:47:57.174] Loaded most recent local block           number=1 hash=07b25b..32621b age=1h20m10s
INFO [08-10|20:47:57.175] Loaded most recent local finalized block number=0 hash=c68400..2d02fd age=57y5mo5d
INFO [08-10|20:47:57.175] Initialized transaction indexer          range="last 2350000 blocks"
INFO [08-10|20:47:57.175] Initialized log indexer                  firstblock=0 lastblock=1 firstmap=0 lastmap=0 headindexed=true
INFO [08-10|20:47:57.190] Enabled full-sync                        head=1 hash=07b25b..32621b
INFO [08-10|20:47:57.191] Gasprice oracle is ignoring threshold set threshold=2
INFO [08-10|20:47:57.192] Registered sync override service
WARN [08-10|20:47:57.192] You are running Geth in --dev mode. Please note the following:
WARN [08-10|20:47:57.192] 
WARN [08-10|20:47:57.192]   1. This mode is only intended for fast, iterative development without assumptions on
WARN [08-10|20:47:57.192]      security or persistence.
WARN [08-10|20:47:57.192]   2. The database is created in memory unless specified otherwise. Therefore, shutting down
WARN [08-10|20:47:57.192]      your computer or losing power will wipe your entire block data and chain state for
WARN [08-10|20:47:57.192]      your dev environment.
WARN [08-10|20:47:57.192]   3. A random, pre-allocated developer account will be available and unlocked as
WARN [08-10|20:47:57.192]      eth.coinbase, which can be used for testing. The random dev account is temporary,
WARN [08-10|20:47:57.192]      stored on a ramdisk, and will be lost if your machine is restarted.
WARN [08-10|20:47:57.192]   4. Mining is enabled by default. However, the client will only seal blocks if transactions
WARN [08-10|20:47:57.192]      are pending in the mempool. The miner's minimum accepted gas price is 1.
WARN [08-10|20:47:57.192]   5. Networking is disabled; there is no listen-address, the maximum number of peers is set
WARN [08-10|20:47:57.192]      to 0, and discovery is disabled.
WARN [08-10|20:47:57.192] 
INFO [08-10|20:47:57.193] Starting peer-to-peer node               instance=Geth/v1.17.5-unstable-82c7b26c-20260801/linux-amd64/go1.25.0
WARN [08-10|20:47:57.193] P2P server will be useless, neither dialing nor listening
INFO [08-10|20:47:57.223] New local node record                    seq=1,786,181,964,965 id=5d0e29c118909caa ip=127.0.0.1 udp=0 tcp=0
INFO [08-10|20:47:57.223] Started P2P networking                   self=enode://f14a42ea169c25322e08468654c6a4d31fc18b0b9981389d63f8ff8187643adabc32eb07d8cabe9dc7ac4b95c3f747cedc5c5b83f3b4a532dfd0557429c17610@127.0.0.1:0
INFO [08-10|20:47:57.225] IPC endpoint opened                      url=/home/liuqi/project/paper/go-ethereum/build/bin/chain/chain/node1/geth.ipc
INFO [08-10|20:47:57.234] HTTP server started                      endpoint=[::]:8666 auth=false prefix= cors=* vhosts=*
INFO [08-10|20:47:57.234] Loaded local transaction journal         transactions=1 dropped=0
INFO [08-10|20:47:57.599] Started log indexer
INFO [08-10|20:50:04.628] Submitted transaction                    hash=0xe5a16f7f935b076f8ad6ff2ec895fe3ed774e935c41facaaf8a67f867b047318 from=0xF5F871aA6Bd253914705898c66251f994aa426FA nonce=1 recipient=0x0000000000000000000000000000000000000043 value=0
INFO [08-10|20:50:04.630] Starting work on payload                 id=0x02d4c2b8d8a131f8
INFO [08-10|20:50:06.535] Updated payload                          id=0x02d4c2b8d8a131f8 number=2 hash=8f5aae..d5355d txs=1 withdrawals=0 gas=85300 fees=8.53e-14 root=b89690..ba14cb elapsed=1.904s
INFO [08-10|20:50:06.535] Stopping work on payload                 id=0x02d4c2b8d8a131f8 reason=delivery
INFO [08-10|20:50:06.721] Imported new potential chain segment     number=2 hash=8f5aae..d5355d blocks=1 txs=1 mgas=0.085 elapsed=185.856ms mgasps=0.459 triediffs=664.00B triedirty=0.00B
INFO [08-10|20:50:06.721] Chain head was updated                   number=2 hash=8f5aae..d5355d root=b89690..ba14cb elapsed="252.249µs"
INFO [08-10|20:50:06.724] Catch codeUploaded event!
INFO [08-10|20:50:06.726] Loaded upgrade algorithm info            name=Add
INFO [08-10|20:50:06.726] Upgrade algorithm is already active      name=Add
INFO [08-10|20:50:06.911] Submitted contract creation              hash=0x674c08dabce97b98e056bd76a57f0327590ed71921ecbef76c615f9969247987 from=0xF5F871aA6Bd253914705898c66251f994aa426FA nonce=2 contract=0x583c523FaE56D166AAf4F52D1C9407B598204d24 value=0
INFO [08-10|20:50:06.912] Starting work on payload                 id=0x0215c17aa547a536
INFO [08-10|20:50:06.913] Updated payload                          id=0x0215c17aa547a536 number=3 hash=8afdc8..567b8a txs=1 withdrawals=0 gas=90309 fees=9.0309e-14 root=2d5fb4..1bc307 elapsed="720.731µs"
INFO [08-10|20:50:06.913] Stopping work on payload                 id=0x0215c17aa547a536 reason=delivery
INFO [08-10|20:50:06.914] Imported new potential chain segment     number=3 hash=8afdc8..567b8a blocks=1 txs=1 mgas=0.090 elapsed="911.198µs" mgasps=99.110 triediffs=1.22KiB triedirty=0.00B
INFO [08-10|20:50:06.914] Chain head was updated                   number=3 hash=8afdc8..567b8a root=2d5fb4..1bc307 elapsed="209.539µs"
INFO [08-10|20:50:07.117] Call upgrade algorithm                   name=Add input="[0 0 0 0 0 0 0 0 0 0 0 0 0 0 0 0 0 0 0 0 0 0 0 0 0 0 0 0 0 0 0 100 0 0 0 0 0 0 0 0 0 0 0 0 0 0 0 0 0 0 0 0 0 0 0 0 0 0 0 0 0 0 0 100]"
INFO [08-10|20:50:07.117] Loaded upgrade algorithm ABI types       input="[int256 int256]" output=[int256]
INFO [08-10|20:50:07.144] Successfully called upgrade algorithm    gas=18,446,744,073,709,551,615 output="[0 0 0 0 0 0 0 0 0 0 0 0 0 0 0 0 0 0 0 0 0 0 0 0 0 0 0 0 0 0 0 200]"
INFO [08-10|20:50:07.149] Call upgrade algorithm                   name=Add input="[0 0 0 0 0 0 0 0 0 0 0 0 0 0 0 0 0 0 0 0 0 0 0 0 0 0 0 0 0 0 0 100 0 0 0 0 0 0 0 0 0 0 0 0 0 0 0 0 0 0 0 0 0 0 0 0 0 0 0 0 0 0 0 100]"
INFO [08-10|20:50:07.149] Loaded upgrade algorithm ABI types       input="[int256 int256]" output=[int256]
INFO [08-10|20:50:07.149] Successfully called upgrade algorithm    gas=18,446,744,073,709,551,615 output="[0 0 0 0 0 0 0 0 0 0 0 0 0 0 0 0 0 0 0 0 0 0 0 0 0 0 0 0 0 0 0 200]"
INFO [08-10|20:50:07.149] Call upgrade algorithm                   name=Add input="[0 0 0 0 0 0 0 0 0 0 0 0 0 0 0 0 0 0 0 0 0 0 0 0 0 0 0 0 0 0 0 100 0 0 0 0 0 0 0 0 0 0 0 0 0 0 0 0 0 0 0 0 0 0 0 0 0 0 0 0 0 0 0 100]"
INFO [08-10|20:50:07.149] Loaded upgrade algorithm ABI types       input="[int256 int256]" output=[int256]
INFO [08-10|20:50:07.149] Successfully called upgrade algorithm    gas=18,446,744,073,709,551,615 output="[0 0 0 0 0 0 0 0 0 0 0 0 0 0 0 0 0 0 0 0 0 0 0 0 0 0 0 0 0 0 0 200]"
INFO [08-10|20:50:07.150] Call upgrade algorithm                   name=Add input="[0 0 0 0 0 0 0 0 0 0 0 0 0 0 0 0 0 0 0 0 0 0 0 0 0 0 0 0 0 0 0 100 0 0 0 0 0 0 0 0 0 0 0 0 0 0 0 0 0 0 0 0 0 0 0 0 0 0 0 0 0 0 0 100]"
INFO [08-10|20:50:07.150] Loaded upgrade algorithm ABI types       input="[int256 int256]" output=[int256]
INFO [08-10|20:50:07.150] Successfully called upgrade algorithm    gas=18,446,744,073,709,551,615 output="[0 0 0 0 0 0 0 0 0 0 0 0 0 0 0 0 0 0 0 0 0 0 0 0 0 0 0 0 0 0 0 200]"
INFO [08-10|20:50:07.150] Call upgrade algorithm                   name=Add input="[0 0 0 0 0 0 0 0 0 0 0 0 0 0 0 0 0 0 0 0 0 0 0 0 0 0 0 0 0 0 0 100 0 0 0 0 0 0 0 0 0 0 0 0 0 0 0 0 0 0 0 0 0 0 0 0 0 0 0 0 0 0 0 100]"
INFO [08-10|20:50:07.150] Loaded upgrade algorithm ABI types       input="[int256 int256]" output=[int256]
INFO [08-10|20:50:07.150] Successfully called upgrade algorithm    gas=18,446,744,073,709,551,615 output="[0 0 0 0 0 0 0 0 0 0 0 0 0 0 0 0 0 0 0 0 0 0 0 0 0 0 0 0 0 0 0 200]"
INFO [08-10|20:50:07.150] Call upgrade algorithm                   name=Add input="[0 0 0 0 0 0 0 0 0 0 0 0 0 0 0 0 0 0 0 0 0 0 0 0 0 0 0 0 0 0 0 100 0 0 0 0 0 0 0 0 0 0 0 0 0 0 0 0 0 0 0 0 0 0 0 0 0 0 0 0 0 0 0 100]"
INFO [08-10|20:50:07.150] Loaded upgrade algorithm ABI types       input="[int256 int256]" output=[int256]
INFO [08-10|20:50:07.151] Successfully called upgrade algorithm    gas=18,446,744,073,709,551,615 output="[0 0 0 0 0 0 0 0 0 0 0 0 0 0 0 0 0 0 0 0 0 0 0 0 0 0 0 0 0 0 0 200]"
INFO [08-10|20:50:07.154] Call upgrade algorithm                   name=Add input="[0 0 0 0 0 0 0 0 0 0 0 0 0 0 0 0 0 0 0 0 0 0 0 0 0 0 0 0 0 0 0 100 0 0 0 0 0 0 0 0 0 0 0 0 0 0 0 0 0 0 0 0 0 0 0 0 0 0 0 0 0 0 0 100]"
INFO [08-10|20:50:07.154] Loaded upgrade algorithm ABI types       input="[int256 int256]" output=[int256]
INFO [08-10|20:50:07.154] Successfully called upgrade algorithm    gas=18,446,744,073,709,551,615 output="[0 0 0 0 0 0 0 0 0 0 0 0 0 0 0 0 0 0 0 0 0 0 0 0 0 0 0 0 0 0 0 200]"
INFO [08-10|20:50:07.156] Call upgrade algorithm                   name=Add input="[0 0 0 0 0 0 0 0 0 0 0 0 0 0 0 0 0 0 0 0 0 0 0 0 0 0 0 0 0 0 0 100 0 0 0 0 0 0 0 0 0 0 0 0 0 0 0 0 0 0 0 0 0 0 0 0 0 0 0 0 0 0 0 100]"
INFO [08-10|20:50:07.156] Loaded upgrade algorithm ABI types       input="[int256 int256]" output=[int256]
INFO [08-10|20:50:07.156] Successfully called upgrade algorithm    gas=18,446,744,073,709,551,615 output="[0 0 0 0 0 0 0 0 0 0 0 0 0 0 0 0 0 0 0 0 0 0 0 0 0 0 0 0 0 0 0 200]"
INFO [08-10|20:50:07.157] Call upgrade algorithm                   name=Add input="[0 0 0 0 0 0 0 0 0 0 0 0 0 0 0 0 0 0 0 0 0 0 0 0 0 0 0 0 0 0 0 100 0 0 0 0 0 0 0 0 0 0 0 0 0 0 0 0 0 0 0 0 0 0 0 0 0 0 0 0 0 0 0 100]"
INFO [08-10|20:50:07.157] Loaded upgrade algorithm ABI types       input="[int256 int256]" output=[int256]
INFO [08-10|20:50:07.158] Successfully called upgrade algorithm    gas=18,446,744,073,709,551,615 output="[0 0 0 0 0 0 0 0 0 0 0 0 0 0 0 0 0 0 0 0 0 0 0 0 0 0 0 0 0 0 0 200]"
INFO [08-10|20:50:07.159] Call upgrade algorithm                   name=Add input="[0 0 0 0 0 0 0 0 0 0 0 0 0 0 0 0 0 0 0 0 0 0 0 0 0 0 0 0 0 0 0 100 0 0 0 0 0 0 0 0 0 0 0 0 0 0 0 0 0 0 0 0 0 0 0 0 0 0 0 0 0 0 0 100]"
INFO [08-10|20:50:07.159] Loaded upgrade algorithm ABI types       input="[int256 int256]" output=[int256]
INFO [08-10|20:50:07.159] Successfully called upgrade algorithm    gas=18,446,744,073,709,551,615 output="[0 0 0 0 0 0 0 0 0 0 0 0 0 0 0 0 0 0 0 0 0 0 0 0 0 0 0 0 0 0 0 200]"
INFO [08-10|20:50:07.161] Call upgrade algorithm                   name=Add input="[0 0 0 0 0 0 0 0 0 0 0 0 0 0 0 0 0 0 0 0 0 0 0 0 0 0 0 0 0 0 0 100 0 0 0 0 0 0 0 0 0 0 0 0 0 0 0 0 0 0 0 0 0 0 0 0 0 0 0 0 0 0 0 100]"
INFO [08-10|20:50:07.161] Loaded upgrade algorithm ABI types       input="[int256 int256]" output=[int256]
INFO [08-10|20:50:07.161] Successfully called upgrade algorithm    gas=18,446,744,073,709,551,615 output="[0 0 0 0 0 0 0 0 0 0 0 0 0 0 0 0 0 0 0 0 0 0 0 0 0 0 0 0 0 0 0 200]"
INFO [08-10|20:50:07.163] Call upgrade algorithm                   name=Add input="[0 0 0 0 0 0 0 0 0 0 0 0 0 0 0 0 0 0 0 0 0 0 0 0 0 0 0 0 0 0 0 100 0 0 0 0 0 0 0 0 0 0 0 0 0 0 0 0 0 0 0 0 0 0 0 0 0 0 0 0 0 0 0 100]"
INFO [08-10|20:50:07.163] Loaded upgrade algorithm ABI types       input="[int256 int256]" output=[int256]
INFO [08-10|20:50:07.163] Successfully called upgrade algorithm    gas=18,446,744,073,709,551,615 output="[0 0 0 0 0 0 0 0 0 0 0 0 0 0 0 0 0 0 0 0 0 0 0 0 0 0 0 0 0 0 0 200]"
INFO [08-10|20:50:07.164] Call upgrade algorithm                   name=Add input="[0 0 0 0 0 0 0 0 0 0 0 0 0 0 0 0 0 0 0 0 0 0 0 0 0 0 0 0 0 0 0 100 0 0 0 0 0 0 0 0 0 0 0 0 0 0 0 0 0 0 0 0 0 0 0 0 0 0 0 0 0 0 0 100]"
INFO [08-10|20:50:07.164] Loaded upgrade algorithm ABI types       input="[int256 int256]" output=[int256]
INFO [08-10|20:50:07.164] Successfully called upgrade algorithm    gas=18,446,744,073,709,551,615 output="[0 0 0 0 0 0 0 0 0 0 0 0 0 0 0 0 0 0 0 0 0 0 0 0 0 0 0 0 0 0 0 200]"
INFO [08-10|20:50:07.165] Call upgrade algorithm                   name=Add input="[0 0 0 0 0 0 0 0 0 0 0 0 0 0 0 0 0 0 0 0 0 0 0 0 0 0 0 0 0 0 0 100 0 0 0 0 0 0 0 0 0 0 0 0 0 0 0 0 0 0 0 0 0 0 0 0 0 0 0 0 0 0 0 100]"
INFO [08-10|20:50:07.166] Loaded upgrade algorithm ABI types       input="[int256 int256]" output=[int256]
INFO [08-10|20:50:07.166] Successfully called upgrade algorithm    gas=18,446,744,073,709,551,615 output="[0 0 0 0 0 0 0 0 0 0 0 0 0 0 0 0 0 0 0 0 0 0 0 0 0 0 0 0 0 0 0 200]"
INFO [08-10|20:50:07.167] Call upgrade algorithm                   name=Add input="[0 0 0 0 0 0 0 0 0 0 0 0 0 0 0 0 0 0 0 0 0 0 0 0 0 0 0 0 0 0 0 100 0 0 0 0 0 0 0 0 0 0 0 0 0 0 0 0 0 0 0 0 0 0 0 0 0 0 0 0 0 0 0 100]"
INFO [08-10|20:50:07.167] Loaded upgrade algorithm ABI types       input="[int256 int256]" output=[int256]
INFO [08-10|20:50:07.167] Successfully called upgrade algorithm    gas=18,446,744,073,709,551,615 output="[0 0 0 0 0 0 0 0 0 0 0 0 0 0 0 0 0 0 0 0 0 0 0 0 0 0 0 0 0 0 0 200]"
INFO [08-10|20:50:07.168] Call upgrade algorithm                   name=Add input="[0 0 0 0 0 0 0 0 0 0 0 0 0 0 0 0 0 0 0 0 0 0 0 0 0 0 0 0 0 0 0 100 0 0 0 0 0 0 0 0 0 0 0 0 0 0 0 0 0 0 0 0 0 0 0 0 0 0 0 0 0 0 0 100]"
INFO [08-10|20:50:07.168] Loaded upgrade algorithm ABI types       input="[int256 int256]" output=[int256]
INFO [08-10|20:50:07.168] Successfully called upgrade algorithm    gas=18,446,744,073,709,551,615 output="[0 0 0 0 0 0 0 0 0 0 0 0 0 0 0 0 0 0 0 0 0 0 0 0 0 0 0 0 0 0 0 200]"
INFO [08-10|20:50:07.169] Call upgrade algorithm                   name=Add input="[0 0 0 0 0 0 0 0 0 0 0 0 0 0 0 0 0 0 0 0 0 0 0 0 0 0 0 0 0 0 0 100 0 0 0 0 0 0 0 0 0 0 0 0 0 0 0 0 0 0 0 0 0 0 0 0 0 0 0 0 0 0 0 100]"
INFO [08-10|20:50:07.169] Loaded upgrade algorithm ABI types       input="[int256 int256]" output=[int256]
INFO [08-10|20:50:07.169] Successfully called upgrade algorithm    gas=18,446,744,073,709,551,615 output="[0 0 0 0 0 0 0 0 0 0 0 0 0 0 0 0 0 0 0 0 0 0 0 0 0 0 0 0 0 0 0 200]"
INFO [08-10|20:50:07.170] Call upgrade algorithm                   name=Add input="[0 0 0 0 0 0 0 0 0 0 0 0 0 0 0 0 0 0 0 0 0 0 0 0 0 0 0 0 0 0 0 100 0 0 0 0 0 0 0 0 0 0 0 0 0 0 0 0 0 0 0 0 0 0 0 0 0 0 0 0 0 0 0 100]"
INFO [08-10|20:50:07.170] Loaded upgrade algorithm ABI types       input="[int256 int256]" output=[int256]
INFO [08-10|20:50:07.171] Successfully called upgrade algorithm    gas=18,446,744,073,709,551,615 output="[0 0 0 0 0 0 0 0 0 0 0 0 0 0 0 0 0 0 0 0 0 0 0 0 0 0 0 0 0 0 0 200]"
INFO [08-10|20:50:07.172] Call upgrade algorithm                   name=Add input="[0 0 0 0 0 0 0 0 0 0 0 0 0 0 0 0 0 0 0 0 0 0 0 0 0 0 0 0 0 0 0 100 0 0 0 0 0 0 0 0 0 0 0 0 0 0 0 0 0 0 0 0 0 0 0 0 0 0 0 0 0 0 0 100]"
INFO [08-10|20:50:07.172] Loaded upgrade algorithm ABI types       input="[int256 int256]" output=[int256]
INFO [08-10|20:50:07.172] Successfully called upgrade algorithm    gas=18,446,744,073,709,551,615 output="[0 0 0 0 0 0 0 0 0 0 0 0 0 0 0 0 0 0 0 0 0 0 0 0 0 0 0 0 0 0 0 200]"
INFO [08-10|20:50:07.173] Call upgrade algorithm                   name=Add input="[0 0 0 0 0 0 0 0 0 0 0 0 0 0 0 0 0 0 0 0 0 0 0 0 0 0 0 0 0 0 0 100 0 0 0 0 0 0 0 0 0 0 0 0 0 0 0 0 0 0 0 0 0 0 0 0 0 0 0 0 0 0 0 100]"
INFO [08-10|20:50:07.173] Loaded upgrade algorithm ABI types       input="[int256 int256]" output=[int256]
INFO [08-10|20:50:07.173] Successfully called upgrade algorithm    gas=18,446,744,073,709,551,615 output="[0 0 0 0 0 0 0 0 0 0 0 0 0 0 0 0 0 0 0 0 0 0 0 0 0 0 0 0 0 0 0 200]"
INFO [08-10|20:50:07.175] Call upgrade algorithm                   name=Add input="[0 0 0 0 0 0 0 0 0 0 0 0 0 0 0 0 0 0 0 0 0 0 0 0 0 0 0 0 0 0 0 100 0 0 0 0 0 0 0 0 0 0 0 0 0 0 0 0 0 0 0 0 0 0 0 0 0 0 0 0 0 0 0 100]"
INFO [08-10|20:50:07.175] Loaded upgrade algorithm ABI types       input="[int256 int256]" output=[int256]
INFO [08-10|20:50:07.175] Successfully called upgrade algorithm    gas=18,446,744,073,709,551,615 output="[0 0 0 0 0 0 0 0 0 0 0 0 0 0 0 0 0 0 0 0 0 0 0 0 0 0 0 0 0 0 0 200]"
INFO [08-10|20:50:07.176] Call upgrade algorithm                   name=Add input="[0 0 0 0 0 0 0 0 0 0 0 0 0 0 0 0 0 0 0 0 0 0 0 0 0 0 0 0 0 0 0 100 0 0 0 0 0 0 0 0 0 0 0 0 0 0 0 0 0 0 0 0 0 0 0 0 0 0 0 0 0 0 0 100]"
INFO [08-10|20:50:07.176] Loaded upgrade algorithm ABI types       input="[int256 int256]" output=[int256]
INFO [08-10|20:50:07.176] Successfully called upgrade algorithm    gas=18,446,744,073,709,551,615 output="[0 0 0 0 0 0 0 0 0 0 0 0 0 0 0 0 0 0 0 0 0 0 0 0 0 0 0 0 0 0 0 200]"
INFO [08-10|20:50:07.178] Call upgrade algorithm                   name=Add input="[0 0 0 0 0 0 0 0 0 0 0 0 0 0 0 0 0 0 0 0 0 0 0 0 0 0 0 0 0 0 0 100 0 0 0 0 0 0 0 0 0 0 0 0 0 0 0 0 0 0 0 0 0 0 0 0 0 0 0 0 0 0 0 100]"
INFO [08-10|20:50:07.178] Loaded upgrade algorithm ABI types       input="[int256 int256]" output=[int256]
INFO [08-10|20:50:07.178] Successfully called upgrade algorithm    gas=18,446,744,073,709,551,615 output="[0 0 0 0 0 0 0 0 0 0 0 0 0 0 0 0 0 0 0 0 0 0 0 0 0 0 0 0 0 0 0 200]"
INFO [08-10|20:50:07.179] Call upgrade algorithm                   name=Add input="[0 0 0 0 0 0 0 0 0 0 0 0 0 0 0 0 0 0 0 0 0 0 0 0 0 0 0 0 0 0 0 100 0 0 0 0 0 0 0 0 0 0 0 0 0 0 0 0 0 0 0 0 0 0 0 0 0 0 0 0 0 0 0 100]"
INFO [08-10|20:50:07.179] Loaded upgrade algorithm ABI types       input="[int256 int256]" output=[int256]
INFO [08-10|20:50:07.179] Successfully called upgrade algorithm    gas=18,446,744,073,709,551,615 output="[0 0 0 0 0 0 0 0 0 0 0 0 0 0 0 0 0 0 0 0 0 0 0 0 0 0 0 0 0 0 0 200]"
INFO [08-10|20:50:07.180] Call upgrade algorithm                   name=Add input="[0 0 0 0 0 0 0 0 0 0 0 0 0 0 0 0 0 0 0 0 0 0 0 0 0 0 0 0 0 0 0 100 0 0 0 0 0 0 0 0 0 0 0 0 0 0 0 0 0 0 0 0 0 0 0 0 0 0 0 0 0 0 0 100]"
INFO [08-10|20:50:07.180] Loaded upgrade algorithm ABI types       input="[int256 int256]" output=[int256]
INFO [08-10|20:50:07.180] Successfully called upgrade algorithm    gas=18,446,744,073,709,551,615 output="[0 0 0 0 0 0 0 0 0 0 0 0 0 0 0 0 0 0 0 0 0 0 0 0 0 0 0 0 0 0 0 200]"
INFO [08-10|20:50:07.181] Call upgrade algorithm                   name=Add input="[0 0 0 0 0 0 0 0 0 0 0 0 0 0 0 0 0 0 0 0 0 0 0 0 0 0 0 0 0 0 0 100 0 0 0 0 0 0 0 0 0 0 0 0 0 0 0 0 0 0 0 0 0 0 0 0 0 0 0 0 0 0 0 100]"
INFO [08-10|20:50:07.182] Loaded upgrade algorithm ABI types       input="[int256 int256]" output=[int256]
INFO [08-10|20:50:07.182] Successfully called upgrade algorithm    gas=18,446,744,073,709,551,615 output="[0 0 0 0 0 0 0 0 0 0 0 0 0 0 0 0 0 0 0 0 0 0 0 0 0 0 0 0 0 0 0 200]"
INFO [08-10|20:50:07.183] Call upgrade algorithm                   name=Add input="[0 0 0 0 0 0 0 0 0 0 0 0 0 0 0 0 0 0 0 0 0 0 0 0 0 0 0 0 0 0 0 100 0 0 0 0 0 0 0 0 0 0 0 0 0 0 0 0 0 0 0 0 0 0 0 0 0 0 0 0 0 0 0 100]"
INFO [08-10|20:50:07.183] Loaded upgrade algorithm ABI types       input="[int256 int256]" output=[int256]
INFO [08-10|20:50:07.183] Successfully called upgrade algorithm    gas=18,446,744,073,709,551,615 output="[0 0 0 0 0 0 0 0 0 0 0 0 0 0 0 0 0 0 0 0 0 0 0 0 0 0 0 0 0 0 0 200]"
INFO [08-10|20:50:07.184] Call upgrade algorithm                   name=Add input="[0 0 0 0 0 0 0 0 0 0 0 0 0 0 0 0 0 0 0 0 0 0 0 0 0 0 0 0 0 0 0 100 0 0 0 0 0 0 0 0 0 0 0 0 0 0 0 0 0 0 0 0 0 0 0 0 0 0 0 0 0 0 0 100]"
INFO [08-10|20:50:07.184] Loaded upgrade algorithm ABI types       input="[int256 int256]" output=[int256]
INFO [08-10|20:50:07.185] Successfully called upgrade algorithm    gas=18,446,744,073,709,551,615 output="[0 0 0 0 0 0 0 0 0 0 0 0 0 0 0 0 0 0 0 0 0 0 0 0 0 0 0 0 0 0 0 200]"
INFO [08-10|20:50:07.186] Call upgrade algorithm                   name=Add input="[0 0 0 0 0 0 0 0 0 0 0 0 0 0 0 0 0 0 0 0 0 0 0 0 0 0 0 0 0 0 0 100 0 0 0 0 0 0 0 0 0 0 0 0 0 0 0 0 0 0 0 0 0 0 0 0 0 0 0 0 0 0 0 100]"
INFO [08-10|20:50:07.186] Loaded upgrade algorithm ABI types       input="[int256 int256]" output=[int256]
INFO [08-10|20:50:07.186] Successfully called upgrade algorithm    gas=18,446,744,073,709,551,615 output="[0 0 0 0 0 0 0 0 0 0 0 0 0 0 0 0 0 0 0 0 0 0 0 0 0 0 0 0 0 0 0 200]"
INFO [08-10|20:50:07.187] Call upgrade algorithm                   name=Add input="[0 0 0 0 0 0 0 0 0 0 0 0 0 0 0 0 0 0 0 0 0 0 0 0 0 0 0 0 0 0 0 100 0 0 0 0 0 0 0 0 0 0 0 0 0 0 0 0 0 0 0 0 0 0 0 0 0 0 0 0 0 0 0 100]"
INFO [08-10|20:50:07.187] Loaded upgrade algorithm ABI types       input="[int256 int256]" output=[int256]
INFO [08-10|20:50:07.187] Successfully called upgrade algorithm    gas=18,446,744,073,709,551,615 output="[0 0 0 0 0 0 0 0 0 0 0 0 0 0 0 0 0 0 0 0 0 0 0 0 0 0 0 0 0 0 0 200]"
INFO [08-10|20:50:07.188] Call upgrade algorithm                   name=Add input="[0 0 0 0 0 0 0 0 0 0 0 0 0 0 0 0 0 0 0 0 0 0 0 0 0 0 0 0 0 0 0 100 0 0 0 0 0 0 0 0 0 0 0 0 0 0 0 0 0 0 0 0 0 0 0 0 0 0 0 0 0 0 0 100]"
INFO [08-10|20:50:07.188] Loaded upgrade algorithm ABI types       input="[int256 int256]" output=[int256]
INFO [08-10|20:50:07.188] Successfully called upgrade algorithm    gas=18,446,744,073,709,551,615 output="[0 0 0 0 0 0 0 0 0 0 0 0 0 0 0 0 0 0 0 0 0 0 0 0 0 0 0 0 0 0 0 200]"
INFO [08-10|20:50:07.190] Call upgrade algorithm                   name=Add input="[0 0 0 0 0 0 0 0 0 0 0 0 0 0 0 0 0 0 0 0 0 0 0 0 0 0 0 0 0 0 0 100 0 0 0 0 0 0 0 0 0 0 0 0 0 0 0 0 0 0 0 0 0 0 0 0 0 0 0 0 0 0 0 100]"
INFO [08-10|20:50:07.190] Loaded upgrade algorithm ABI types       input="[int256 int256]" output=[int256]
INFO [08-10|20:50:07.190] Successfully called upgrade algorithm    gas=18,446,744,073,709,551,615 output="[0 0 0 0 0 0 0 0 0 0 0 0 0 0 0 0 0 0 0 0 0 0 0 0 0 0 0 0 0 0 0 200]"
INFO [08-10|20:50:07.191] Call upgrade algorithm                   name=Add input="[0 0 0 0 0 0 0 0 0 0 0 0 0 0 0 0 0 0 0 0 0 0 0 0 0 0 0 0 0 0 0 100 0 0 0 0 0 0 0 0 0 0 0 0 0 0 0 0 0 0 0 0 0 0 0 0 0 0 0 0 0 0 0 100]"
INFO [08-10|20:50:07.191] Loaded upgrade algorithm ABI types       input="[int256 int256]" output=[int256]
INFO [08-10|20:50:07.191] Successfully called upgrade algorithm    gas=18,446,744,073,709,551,615 output="[0 0 0 0 0 0 0 0 0 0 0 0 0 0 0 0 0 0 0 0 0 0 0 0 0 0 0 0 0 0 0 200]"
INFO [08-10|20:50:07.193] Call upgrade algorithm                   name=Add input="[0 0 0 0 0 0 0 0 0 0 0 0 0 0 0 0 0 0 0 0 0 0 0 0 0 0 0 0 0 0 0 100 0 0 0 0 0 0 0 0 0 0 0 0 0 0 0 0 0 0 0 0 0 0 0 0 0 0 0 0 0 0 0 100]"
INFO [08-10|20:50:07.193] Loaded upgrade algorithm ABI types       input="[int256 int256]" output=[int256]
INFO [08-10|20:50:07.193] Successfully called upgrade algorithm    gas=18,446,744,073,709,551,615 output="[0 0 0 0 0 0 0 0 0 0 0 0 0 0 0 0 0 0 0 0 0 0 0 0 0 0 0 0 0 0 0 200]"
INFO [08-10|20:50:07.194] Call upgrade algorithm                   name=Add input="[0 0 0 0 0 0 0 0 0 0 0 0 0 0 0 0 0 0 0 0 0 0 0 0 0 0 0 0 0 0 0 100 0 0 0 0 0 0 0 0 0 0 0 0 0 0 0 0 0 0 0 0 0 0 0 0 0 0 0 0 0 0 0 100]"
INFO [08-10|20:50:07.194] Loaded upgrade algorithm ABI types       input="[int256 int256]" output=[int256]
INFO [08-10|20:50:07.194] Successfully called upgrade algorithm    gas=18,446,744,073,709,551,615 output="[0 0 0 0 0 0 0 0 0 0 0 0 0 0 0 0 0 0 0 0 0 0 0 0 0 0 0 0 0 0 0 200]"
INFO [08-10|20:50:07.196] Call upgrade algorithm                   name=Add input="[0 0 0 0 0 0 0 0 0 0 0 0 0 0 0 0 0 0 0 0 0 0 0 0 0 0 0 0 0 0 0 100 0 0 0 0 0 0 0 0 0 0 0 0 0 0 0 0 0 0 0 0 0 0 0 0 0 0 0 0 0 0 0 100]"
INFO [08-10|20:50:07.196] Loaded upgrade algorithm ABI types       input="[int256 int256]" output=[int256]
INFO [08-10|20:50:07.197] Successfully called upgrade algorithm    gas=18,446,744,073,709,551,615 output="[0 0 0 0 0 0 0 0 0 0 0 0 0 0 0 0 0 0 0 0 0 0 0 0 0 0 0 0 0 0 0 200]"
INFO [08-10|20:50:07.198] Call upgrade algorithm                   name=Add input="[0 0 0 0 0 0 0 0 0 0 0 0 0 0 0 0 0 0 0 0 0 0 0 0 0 0 0 0 0 0 0 100 0 0 0 0 0 0 0 0 0 0 0 0 0 0 0 0 0 0 0 0 0 0 0 0 0 0 0 0 0 0 0 100]"
INFO [08-10|20:50:07.198] Loaded upgrade algorithm ABI types       input="[int256 int256]" output=[int256]
INFO [08-10|20:50:07.199] Successfully called upgrade algorithm    gas=18,446,744,073,709,551,615 output="[0 0 0 0 0 0 0 0 0 0 0 0 0 0 0 0 0 0 0 0 0 0 0 0 0 0 0 0 0 0 0 200]"
INFO [08-10|20:50:07.200] Call upgrade algorithm                   name=Add input="[0 0 0 0 0 0 0 0 0 0 0 0 0 0 0 0 0 0 0 0 0 0 0 0 0 0 0 0 0 0 0 100 0 0 0 0 0 0 0 0 0 0 0 0 0 0 0 0 0 0 0 0 0 0 0 0 0 0 0 0 0 0 0 100]"
INFO [08-10|20:50:07.200] Loaded upgrade algorithm ABI types       input="[int256 int256]" output=[int256]
INFO [08-10|20:50:07.200] Successfully called upgrade algorithm    gas=18,446,744,073,709,551,615 output="[0 0 0 0 0 0 0 0 0 0 0 0 0 0 0 0 0 0 0 0 0 0 0 0 0 0 0 0 0 0 0 200]"
INFO [08-10|20:50:07.202] Call upgrade algorithm                   name=Add input="[0 0 0 0 0 0 0 0 0 0 0 0 0 0 0 0 0 0 0 0 0 0 0 0 0 0 0 0 0 0 0 100 0 0 0 0 0 0 0 0 0 0 0 0 0 0 0 0 0 0 0 0 0 0 0 0 0 0 0 0 0 0 0 100]"
INFO [08-10|20:50:07.202] Loaded upgrade algorithm ABI types       input="[int256 int256]" output=[int256]
INFO [08-10|20:50:07.202] Successfully called upgrade algorithm    gas=18,446,744,073,709,551,615 output="[0 0 0 0 0 0 0 0 0 0 0 0 0 0 0 0 0 0 0 0 0 0 0 0 0 0 0 0 0 0 0 200]"
INFO [08-10|20:50:07.203] Call upgrade algorithm                   name=Add input="[0 0 0 0 0 0 0 0 0 0 0 0 0 0 0 0 0 0 0 0 0 0 0 0 0 0 0 0 0 0 0 100 0 0 0 0 0 0 0 0 0 0 0 0 0 0 0 0 0 0 0 0 0 0 0 0 0 0 0 0 0 0 0 100]"
INFO [08-10|20:50:07.203] Loaded upgrade algorithm ABI types       input="[int256 int256]" output=[int256]
INFO [08-10|20:50:07.204] Successfully called upgrade algorithm    gas=18,446,744,073,709,551,615 output="[0 0 0 0 0 0 0 0 0 0 0 0 0 0 0 0 0 0 0 0 0 0 0 0 0 0 0 0 0 0 0 200]"
INFO [08-10|20:50:07.206] Call upgrade algorithm                   name=Add input="[0 0 0 0 0 0 0 0 0 0 0 0 0 0 0 0 0 0 0 0 0 0 0 0 0 0 0 0 0 0 0 100 0 0 0 0 0 0 0 0 0 0 0 0 0 0 0 0 0 0 0 0 0 0 0 0 0 0 0 0 0 0 0 100]"
INFO [08-10|20:50:07.206] Loaded upgrade algorithm ABI types       input="[int256 int256]" output=[int256]
INFO [08-10|20:50:07.206] Successfully called upgrade algorithm    gas=18,446,744,073,709,551,615 output="[0 0 0 0 0 0 0 0 0 0 0 0 0 0 0 0 0 0 0 0 0 0 0 0 0 0 0 0 0 0 0 200]"
