This is pdfTeX, Version 3.141592653-2.6-1.40.22 (TeX Live 2022/dev/Debian) (preloaded format=pdflatex 2026.9.8)  7 OCT 2026 20:15
entering extended mode
 restricted \write18 enabled.
 file:line:error style messages enabled.
 %&-line parsing enabled.
**"/home/liuqi/project/go-ethereum/paper/Springer LNCS/evocrypt.tex"
(/home/liuqi/project/go-ethereum/paper/Springer LNCS/evocrypt.tex
LaTeX2e <2021-11-15> patch level 1
L3 programming layer <2022-01-21> (./llncs.cls
Document Class: llncs 2026/09/03 v2.25 
 LaTeX document class for Lecture Notes in Computer Science
(/usr/share/texlive/texmf-dist/tex/latex/base/article.cls
Document Class: article 2021/10/04 v1.4n Standard LaTeX document class
(/usr/share/texlive/texmf-dist/tex/latex/base/size10.clo
File: size10.clo 2021/10/04 v1.4n Standard LaTeX file (size option)
)
\c@part=\count185
\c@section=\count186
\c@subsection=\count187
\c@subsubsection=\count188
\c@paragraph=\count189
\c@subparagraph=\count190
\c@figure=\count191
\c@table=\count192
\abovecaptionskip=\skip47
\belowcaptionskip=\skip48
\bibindent=\dimen138
) (/usr/share/texlive/texmf-dist/tex/latex/tools/multicol.sty
Package: multicol 2021/10/28 v1.9b multicolumn formatting (FMi)
\c@tracingmulticols=\count193
\mult@box=\box50
\multicol@leftmargin=\dimen139
\c@unbalance=\count194
\c@collectmore=\count195
\doublecol@number=\count196
\multicoltolerance=\count197
\multicolpretolerance=\count198
\full@width=\dimen140
\page@free=\dimen141
\premulticols=\dimen142
\postmulticols=\dimen143
\multicolsep=\skip49
\multicolbaselineskip=\skip50
\partial@page=\box51
\last@line=\box52
\maxbalancingoverflow=\dimen144
\mult@rightbox=\box53
\mult@grightbox=\box54
\mult@firstbox=\box55
\mult@gfirstbox=\box56
\@tempa=\box57
\@tempa=\box58
\@tempa=\box59
\@tempa=\box60
\@tempa=\box61
\@tempa=\box62
\@tempa=\box63
\@tempa=\box64
\@tempa=\box65
\@tempa=\box66
\@tempa=\box67
\@tempa=\box68
\@tempa=\box69
\@tempa=\box70
\@tempa=\box71
\@tempa=\box72
\@tempa=\box73
\@tempa=\box74
\@tempa=\box75
\@tempa=\box76
\@tempa=\box77
\@tempa=\box78
\@tempa=\box79
\@tempa=\box80
\@tempa=\box81
\@tempa=\box82
\@tempa=\box83
\@tempa=\box84
\@tempa=\box85
\@tempa=\box86
\@tempa=\box87
\@tempa=\box88
\@tempa=\box89
\@tempa=\box90
\@tempa=\box91
\@tempa=\box92
\c@minrows=\count199
\c@columnbadness=\count266
\c@finalcolumnbadness=\count267
\last@try=\dimen145
\multicolovershoot=\dimen146
\multicolundershoot=\dimen147
\mult@nat@firstbox=\box93
\colbreak@box=\box94
\mc@col@check@num=\count268
) (/usr/share/texlive/texmf-dist/tex/latex/oberdiek/aliascnt.sty
Package: aliascnt 2018/09/07 v1.5 Alias counters (HO)
)
\c@chapter=\count269
LaTeX Font Info:    Redeclaring math symbol \Gamma on input line 379.
LaTeX Font Info:    Redeclaring math symbol \Delta on input line 380.
LaTeX Font Info:    Redeclaring math symbol \Theta on input line 381.
LaTeX Font Info:    Redeclaring math symbol \Lambda on input line 382.
LaTeX Font Info:    Redeclaring math symbol \Xi on input line 383.
LaTeX Font Info:    Redeclaring math symbol \Pi on input line 384.
LaTeX Font Info:    Redeclaring math symbol \Sigma on input line 385.
LaTeX Font Info:    Redeclaring math symbol \Upsilon on input line 386.
LaTeX Font Info:    Redeclaring math symbol \Phi on input line 387.
LaTeX Font Info:    Redeclaring math symbol \Psi on input line 388.
LaTeX Font Info:    Redeclaring math symbol \Omega on input line 389.
LaTeX Info: Redefining \vec on input line 394.
\tocchpnum=\dimen148
\tocsecnum=\dimen149
\tocsectotal=\dimen150
\tocsubsecnum=\dimen151
\tocsubsectotal=\dimen152
\tocsubsubsecnum=\dimen153
\tocsubsubsectotal=\dimen154
\tocparanum=\dimen155
\tocparatotal=\dimen156
\tocsubparanum=\dimen157
\@tempcntc=\count270
\fnindent=\dimen158
\c@@inst=\count271
\c@@auth=\count272
\c@auco=\count273
\instindent=\dimen159
\authrun=\box95
\authorrunning=\toks16
\tocauthor=\toks17
\titrun=\box96
\titlerunning=\toks18
\toctitle=\toks19
\c@theorem=\count274
\c@case=\count275
\c@conjecture=\count276
\c@corollary=\count277
\c@definition=\count278
\c@example=\count279
\c@exercise=\count280
\c@lemma=\count281
\c@note=\count282
\c@problem=\count283
\c@property=\count284
\c@proposition=\count285
\c@question=\count286
\c@solution=\count287
\c@remark=\count288
\headlineindent=\dimen160
\DescriptionTexts=\write3
\openout3 = `DescriptionTexts.txt'.

\c@Dfigchecks=\count289
) (/usr/share/texlive/texmf-dist/tex/latex/base/fontenc.sty
Package: fontenc 2021/04/29 v2.0v Standard LaTeX package
) (/usr/share/texlive/texmf-dist/tex/latex/graphics/graphicx.sty
Package: graphicx 2021/09/16 v1.2d Enhanced LaTeX Graphics (DPC,SPQR)
 (/usr/share/texlive/texmf-dist/tex/latex/graphics/keyval.sty
Package: keyval 2014/10/28 v1.15 key=value parser (DPC)
\KV@toks@=\toks20
) (/usr/share/texlive/texmf-dist/tex/latex/graphics/graphics.sty
Package: graphics 2021/03/04 v1.4d Standard LaTeX Graphics (DPC,SPQR)
 (/usr/share/texlive/texmf-dist/tex/latex/graphics/trig.sty
Package: trig 2021/08/11 v1.11 sin cos tan (DPC)
) (/usr/share/texlive/texmf-dist/tex/latex/graphics-cfg/graphics.cfg
File: graphics.cfg 2016/06/04 v1.11 sample graphics configuration
)
Package graphics Info: Driver file: pdftex.def on input line 107.
 (/usr/share/texlive/texmf-dist/tex/latex/graphics-def/pdftex.def
File: pdftex.def 2020/10/05 v1.2a Graphics/color driver for pdftex
))
\Gin@req@height=\dimen161
\Gin@req@width=\dimen162
) (/usr/share/texlive/texmf-dist/tex/latex/multirow/multirow.sty
Package: multirow 2021/03/15 v2.8 Span multiple rows of a table
\multirow@colwidth=\skip51
\multirow@cntb=\count290
\multirow@dima=\skip52
\bigstrutjot=\dimen163
) (/usr/share/texlive/texmf-dist/tex/latex/amsmath/amsmath.sty
Package: amsmath 2021/10/15 v2.17l AMS math features
\@mathmargin=\skip53

For additional information on amsmath, use the `?' option.
(/usr/share/texlive/texmf-dist/tex/latex/amsmath/amstext.sty
Package: amstext 2021/08/26 v2.01 AMS text
 (/usr/share/texlive/texmf-dist/tex/latex/amsmath/amsgen.sty
File: amsgen.sty 1999/11/30 v2.0 generic functions
\@emptytoks=\toks21
\ex@=\dimen164
)) (/usr/share/texlive/texmf-dist/tex/latex/amsmath/amsbsy.sty
Package: amsbsy 1999/11/29 v1.2d Bold Symbols
\pmbraise@=\dimen165
) (/usr/share/texlive/texmf-dist/tex/latex/amsmath/amsopn.sty
Package: amsopn 2021/08/26 v2.02 operator names
)
\inf@bad=\count291
LaTeX Info: Redefining \frac on input line 234.
\uproot@=\count292
\leftroot@=\count293
LaTeX Info: Redefining \overline on input line 399.
\classnum@=\count294
\DOTSCASE@=\count295
LaTeX Info: Redefining \ldots on input line 496.
LaTeX Info: Redefining \dots on input line 499.
LaTeX Info: Redefining \cdots on input line 620.
\Mathstrutbox@=\box97
\strutbox@=\box98
\big@size=\dimen166
LaTeX Font Info:    Redeclaring font encoding OML on input line 743.
LaTeX Font Info:    Redeclaring font encoding OMS on input line 744.


Package amsmath Warning: Unable to redefine math accent \vec.

\macc@depth=\count296
\c@MaxMatrixCols=\count297
\dotsspace@=\muskip16
\c@parentequation=\count298
\dspbrk@lvl=\count299
\tag@help=\toks22
\row@=\count300
\column@=\count301
\maxfields@=\count302
\andhelp@=\toks23
\eqnshift@=\dimen167
\alignsep@=\dimen168
\tagshift@=\dimen169
\tagwidth@=\dimen170
\totwidth@=\dimen171
\lineht@=\dimen172
\@envbody=\toks24
\multlinegap=\skip54
\multlinetaggap=\skip55
\mathdisplay@stack=\toks25
LaTeX Info: Redefining \[ on input line 2938.
LaTeX Info: Redefining \] on input line 2939.
) (/usr/share/texlive/texmf-dist/tex/latex/amsfonts/amssymb.sty
Package: amssymb 2013/01/14 v3.01 AMS font symbols
 (/usr/share/texlive/texmf-dist/tex/latex/amsfonts/amsfonts.sty
Package: amsfonts 2013/01/14 v3.01 Basic AMSFonts support
\symAMSa=\mathgroup4
\symAMSb=\mathgroup5
LaTeX Font Info:    Redeclaring math symbol \hbar on input line 98.
LaTeX Font Info:    Overwriting math alphabet `\mathfrak' in version `bold'
(Font)                  U/euf/m/n --> U/euf/b/n on input line 106.
)) (/usr/share/texlive/texmf-dist/tex/latex/jknapltx/mathrsfs.sty
Package: mathrsfs 1996/01/01 Math RSFS package v1.0 (jk)
\symrsfs=\mathgroup6
) (/usr/share/texlive/texmf-dist/tex/latex/xcolor/xcolor.sty
Package: xcolor 2021/10/31 v2.13 LaTeX color extensions (UK)
 (/usr/share/texlive/texmf-dist/tex/latex/graphics-cfg/color.cfg
File: color.cfg 2016/01/02 v1.6 sample color configuration
)
Package xcolor Info: Driver file: pdftex.def on input line 227.
Package xcolor Info: Model `cmy' substituted by `cmy0' on input line 1352.
Package xcolor Info: Model `hsb' substituted by `rgb' on input line 1356.
Package xcolor Info: Model `RGB' extended on input line 1368.
Package xcolor Info: Model `HTML' substituted by `rgb' on input line 1370.
Package xcolor Info: Model `Hsb' substituted by `hsb' on input line 1371.
Package xcolor Info: Model `tHsb' substituted by `hsb' on input line 1372.
Package xcolor Info: Model `HSB' substituted by `hsb' on input line 1373.
Package xcolor Info: Model `Gray' substituted by `gray' on input line 1374.
Package xcolor Info: Model `wave' substituted by `hsb' on input line 1375.
) (/usr/share/texlive/texmf-dist/tex/latex/base/textcomp.sty
Package: textcomp 2020/02/02 v2.0n Standard LaTeX package
) (/usr/share/texlive/texmf-dist/tex/latex/booktabs/booktabs.sty
Package: booktabs 2020/01/12 v1.61803398 Publication quality tables
\heavyrulewidth=\dimen173
\lightrulewidth=\dimen174
\cmidrulewidth=\dimen175
\belowrulesep=\dimen176
\belowbottomsep=\dimen177
\aboverulesep=\dimen178
\abovetopsep=\dimen179
\cmidrulesep=\dimen180
\cmidrulekern=\dimen181
\defaultaddspace=\dimen182
\@cmidla=\count303
\@cmidlb=\count304
\@aboverulesep=\dimen183
\@belowrulesep=\dimen184
\@thisruleclass=\count305
\@lastruleclass=\count306
\@thisrulewidth=\dimen185
) (/usr/share/texlive/texmf-dist/tex/latex/tools/tabularx.sty
Package: tabularx 2020/01/15 v2.11c `tabularx' package (DPC)
 (/usr/share/texlive/texmf-dist/tex/latex/tools/array.sty
Package: array 2021/10/04 v2.5f Tabular extension package (FMi)
\col@sep=\dimen186
\ar@mcellbox=\box99
\extrarowheight=\dimen187
\NC@list=\toks26
\extratabsurround=\skip56
\backup@length=\skip57
\ar@cellbox=\box100
)
\TX@col@width=\dimen188
\TX@old@table=\dimen189
\TX@old@col=\dimen190
\TX@target=\dimen191
\TX@delta=\dimen192
\TX@cols=\count307
\TX@ftn=\toks27
) (/usr/share/texlive/texmf-dist/tex/latex/algorithms/algorithm.sty
Package: algorithm 2009/08/24 v0.1 Document Style `algorithm' - floating environment
 (/usr/share/texlive/texmf-dist/tex/latex/float/float.sty
Package: float 2001/11/08 v1.3d Float enhancements (AL)
\c@float@type=\count308
\float@exts=\toks28
\float@box=\box101
\@float@everytoks=\toks29
\@floatcapt=\box102
) (/usr/share/texlive/texmf-dist/tex/latex/base/ifthen.sty
Package: ifthen 2020/11/24 v1.1c Standard LaTeX ifthen package (DPC)
)
\@float@every@algorithm=\toks30
\c@algorithm=\count309
) (/usr/share/texlive/texmf-dist/tex/latex/algorithmicx/algorithmicx.sty
Package: algorithmicx 2005/04/27 v1.2 Algorithmicx

Document Style algorithmicx 1.2 - a greatly improved `algorithmic' style
\c@ALG@line=\count310
\c@ALG@rem=\count311
\c@ALG@nested=\count312
\ALG@tlm=\skip58
\ALG@thistlm=\skip59
\c@ALG@Lnr=\count313
\c@ALG@blocknr=\count314
\c@ALG@storecount=\count315
\c@ALG@tmpcounter=\count316
\ALG@tmplength=\skip60
) (/usr/share/texlive/texmf-dist/tex/latex/algorithmicx/algpseudocode.sty
Package: algpseudocode 

Document Style - pseudocode environments for use with the `algorithmicx' style
) (/usr/share/texlive/texmf-dist/tex/latex/listings/listings.sty
\lst@mode=\count317
\lst@gtempboxa=\box103
\lst@token=\toks31
\lst@length=\count318
\lst@currlwidth=\dimen193
\lst@column=\count319
\lst@pos=\count320
\lst@lostspace=\dimen194
\lst@width=\dimen195
\lst@newlines=\count321
\lst@lineno=\count322
\lst@maxwidth=\dimen196
 (/usr/share/texlive/texmf-dist/tex/latex/listings/lstmisc.sty
File: lstmisc.sty 2020/03/24 1.8d (Carsten Heinz)
\c@lstnumber=\count323
\lst@skipnumbers=\count324
\lst@framebox=\box104
) (/usr/share/texlive/texmf-dist/tex/latex/listings/listings.cfg
File: listings.cfg 2020/03/24 1.8d listings configuration
))
Package: listings 2020/03/24 1.8d (Carsten Heinz)
\c@assumption=\count325
 (/usr/share/texlive/texmf-dist/tex/latex/l3backend/l3backend-pdftex.def
File: l3backend-pdftex.def 2022-01-12 L3 backend support: PDF output (pdfTeX)
\l__color_backend_stack_int=\count326
\l__pdf_internal_box=\box105
) (./evocrypt.aux)
\openout1 = `evocrypt.aux'.

LaTeX Font Info:    Checking defaults for OML/cmm/m/it on input line 27.
LaTeX Font Info:    ... okay on input line 27.
LaTeX Font Info:    Checking defaults for OMS/cmsy/m/n on input line 27.
LaTeX Font Info:    ... okay on input line 27.
LaTeX Font Info:    Checking defaults for OT1/cmr/m/n on input line 27.
LaTeX Font Info:    ... okay on input line 27.
LaTeX Font Info:    Checking defaults for T1/cmr/m/n on input line 27.
LaTeX Font Info:    ... okay on input line 27.
LaTeX Font Info:    Checking defaults for TS1/cmr/m/n on input line 27.
LaTeX Font Info:    ... okay on input line 27.
LaTeX Font Info:    Checking defaults for OMX/cmex/m/n on input line 27.
LaTeX Font Info:    ... okay on input line 27.
LaTeX Font Info:    Checking defaults for U/cmr/m/n on input line 27.
LaTeX Font Info:    ... okay on input line 27.
 (/usr/share/texlive/texmf-dist/tex/context/base/mkii/supp-pdf.mkii
[Loading MPS to PDF converter (version 2006.09.02).]
\scratchcounter=\count327
\scratchdimen=\dimen197
\scratchbox=\box106
\nofMPsegments=\count328
\nofMParguments=\count329
\everyMPshowfont=\toks32
\MPscratchCnt=\count330
\MPscratchDim=\dimen198
\MPnumerator=\count331
\makeMPintoPDFobject=\count332
\everyMPtoPDFconversion=\toks33
) (/usr/share/texlive/texmf-dist/tex/latex/epstopdf-pkg/epstopdf-base.sty
Package: epstopdf-base 2020-01-24 v2.11 Base part for package epstopdf
Package epstopdf-base Info: Redefining graphics rule for `.eps' on input line 485.
 (/usr/share/texlive/texmf-dist/tex/latex/latexconfig/epstopdf-sys.cfg
File: epstopdf-sys.cfg 2010/07/13 v1.3 Configuration of (r)epstopdf for TeX Live
))
\c@lstlisting=\count333
LaTeX Font Info:    Trying to load font information for U+msa on input line 41.
 (/usr/share/texlive/texmf-dist/tex/latex/amsfonts/umsa.fd
File: umsa.fd 2013/01/14 v3.01 AMS symbols A
)
LaTeX Font Info:    Trying to load font information for U+msb on input line 41.
 (/usr/share/texlive/texmf-dist/tex/latex/amsfonts/umsb.fd
File: umsb.fd 2013/01/14 v3.01 AMS symbols B
)
LaTeX Font Info:    Trying to load font information for U+rsfs on input line 41.
 (/usr/share/texlive/texmf-dist/tex/latex/jknapltx/ursfs.fd
File: ursfs.fd 1998/03/24 rsfs font definition file (jk)
) [1

{/var/lib/texmf/fonts/map/pdftex/updmap/pdftex.map}]
Overfull \hbox (2.67993pt too wide) in paragraph at lines 68--69
\T1/cmr/m/n/10 Blockchain up-grades at the pro-to-col or client layer re-place ex-e-cu-tion rules through
 []

[2]
Overfull \hbox (1.10065pt too wide) in paragraph at lines 70--71
[]\T1/cmr/m/n/10 Contract-level schemes up-date ap-pli-ca-tion logic through de-ploy-able con-tracts,
 []



pdfTeX warning: pdflatex (file ../image/overview.pdf): PDF inclusion: found PDF version <1.7>, but at most version <1.5> allowed
<../image/overview.pdf, id=18, 614.295pt x 483.60674pt>
File: ../image/overview.pdf Graphic file (type pdf)
<use ../image/overview.pdf>
Package pdftex.def Info: ../image/overview.pdf  used on input line 79.
(pdftex.def)             Requested size: 312.40906pt x 245.94989pt.
[3] [4 <../image/overview.pdf>]

pdfTeX warning: pdflatex (file ../image/upgrade_protocol.pdf): PDF inclusion: found PDF version <1.7>, but at most version <1.5> allowed
<../image/upgrade_protocol.pdf, id=39, 754.01701pt x 289.08pt>
File: ../image/upgrade_protocol.pdf Graphic file (type pdf)
<use ../image/upgrade_protocol.pdf>
Package pdftex.def Info: ../image/upgrade_protocol.pdf  used on input line 110.
(pdftex.def)             Requested size: 291.58249pt x 111.78796pt.
[5 <../image/upgrade_protocol.pdf>]
Overfull \hbox (0.42938pt too wide) in paragraph at lines 159--160
\T1/cmr/m/n/10 A uni-fied Man-age-ment Con-tract en-try point keeps the contract-facing call bound-
 []

[6] [7] [8] [9] [10] [11] [12] [13]
LaTeX Font Info:    Trying to load font information for T1+cmtt on input line 423.
 (/usr/share/texlive/texmf-dist/tex/latex/base/t1cmtt.fd
File: t1cmtt.fd 2019/12/16 v2.5j Standard LaTeX font definitions
) [14]
<../image/figure_upgrade_latency_comparison.pdf, id=105, 328.53806pt x 186.71097pt>
File: ../image/figure_upgrade_latency_comparison.pdf Graphic file (type pdf)
<use ../image/figure_upgrade_latency_comparison.pdf>
Package pdftex.def Info: ../image/figure_upgrade_latency_comparison.pdf  used on input line 433.
(pdftex.def)             Requested size: 166.61781pt x 94.6914pt.
<../image/figure_upgrade_gas_comparison.pdf, id=106, 328.5349pt x 186.71097pt>
File: ../image/figure_upgrade_gas_comparison.pdf Graphic file (type pdf)
<use ../image/figure_upgrade_gas_comparison.pdf>
Package pdftex.def Info: ../image/figure_upgrade_gas_comparison.pdf  used on input line 437.
(pdftex.def)             Requested size: 166.61781pt x 94.6914pt.
 [15 <../image/figure_upgrade_latency_comparison.pdf> <../image/figure_upgrade_gas_comparison.pdf>]
<../image/consistence_scene.pdf, id=130, 2168.1pt x 1626.075pt>
File: ../image/consistence_scene.pdf Graphic file (type pdf)
<use ../image/consistence_scene.pdf>
Package pdftex.def Info: ../image/consistence_scene.pdf  used on input line 451.
(pdftex.def)             Requested size: 284.64383pt x 213.48137pt.
 [16 <../image/consistence_scene.pdf>]
Overfull \hbox (9.37274pt too wide) in paragraph at lines 460--461
\T1/cmr/m/n/10 across the eval-u-ated al-go-rithms. EvoCrypt re-mained close to So-lid-ity on lightweight
 []

<../image/figure_execution_latency_comparison.pdf, id=136, 328.53806pt x 186.71097pt>
File: ../image/figure_execution_latency_comparison.pdf Graphic file (type pdf)
<use ../image/figure_execution_latency_comparison.pdf>
Package pdftex.def Info: ../image/figure_execution_latency_comparison.pdf  used on input line 466.
(pdftex.def)             Requested size: 166.61781pt x 94.6914pt.
<../image/figure_execution_gas_comparison.pdf, id=137, 328.5349pt x 186.71097pt>
File: ../image/figure_execution_gas_comparison.pdf Graphic file (type pdf)
<use ../image/figure_execution_gas_comparison.pdf>
Package pdftex.def Info: ../image/figure_execution_gas_comparison.pdf  used on input line 470.
(pdftex.def)             Requested size: 166.61781pt x 94.6914pt.
[17 <../image/figure_execution_latency_comparison.pdf> <../image/figure_execution_gas_comparison.pdf>] (./evocrypt.bbl [18]
Underfull \hbox (badness 3942) in paragraph at lines 13--17
[]\T1/cmr/m/n/9 Baresi, L., Ghezzi, C., Ma, X., Panz-ica La Manna, V.: Ef-fi-cient dy-
 []


Underfull \hbox (badness 7649) in paragraph at lines 13--17
\T1/cmr/m/n/9 namic up-dates of dis-tributed com-po-nents through ver-sion con-sis-tency.
 []


Underfull \hbox (badness 10000) in paragraph at lines 13--17
\T1/cmr/m/n/9 IEEE Trans-ac-tions on Soft-ware En-gi-neer-ing \T1/cmr/bx/n/9 43\T1/cmr/m/n/9 (4), 340--358 (2017).
 []


Underfull \hbox (badness 10000) in paragraph at lines 25--28
[]\T1/cmr/m/n/9 Cardano Foun-da-tion: About hard forks. https://docs.cardano.org/about-
 []


Underfull \hbox (badness 10000) in paragraph at lines 36--38
[]\T1/cmr/m/n/9 Ethereum.org: Ethereum vir-tual ma-chine (EVM).
 []


Underfull \hbox (badness 10000) in paragraph at lines 63--66
[]\T1/cmr/m/n/9 Input Out-put: Com-bi-na-tor makes easy work of hard forks.
 []


Underfull \hbox (badness 10000) in paragraph at lines 63--66
\T1/cmr/m/n/9 https://iohk.io/en/blog/posts/2020/07/23/combinator-makes-easy-work-of-
 []


Underfull \hbox (badness 5105) in paragraph at lines 68--72
[]\T1/cmr/m/n/9 Kumar, G., Saha, R., Conti, M., Buchanan, W.J.: LEA-GAN: A de-
 []


Underfull \hbox (badness 10000) in paragraph at lines 68--72
\T1/cmr/m/n/9 cen-tral-ized version-control frame-work for up-grade-able smart con-tracts.
 []


Underfull \hbox (badness 10000) in paragraph at lines 68--72
\T1/cmr/m/n/9 IEEE Trans-ac-tions on Ser-vices Com-put-ing \T1/cmr/bx/n/9 18\T1/cmr/m/n/9 (3), 1529--1542 (2025).
 []


Underfull \hbox (badness 10000) in paragraph at lines 74--76
[]\T1/cmr/m/n/9 Nakamoto, S.: Bit-coin: A peer-to-peer elec-tronic cash sys-tem.
 []

[19]
Overfull \hbox (21.64075pt too wide) in paragraph at lines 90--93
[]\T1/cmr/m/n/9 Polkadot: Run-time up-grades. https://docs.polkadot.com/parachains/maintain/runtime-
 []


Underfull \hbox (badness 1014) in paragraph at lines 114--117
\T1/cmr/m/n/9 log-a-rithms on a quan-tum com-puter. SIAM Re-view \T1/cmr/bx/n/9 41\T1/cmr/m/n/9 (2), 303--332 (1999).
 []


Underfull \hbox (badness 10000) in paragraph at lines 129--132
[]\T1/cmr/m/n/9 World Wide Web Con-sor-tium: We-bAssem-bly Core Spec-i-fi-ca-tion.
 []


Underfull \hbox (badness 10000) in paragraph at lines 129--132
\T1/cmr/m/n/9 https://www.w3.org/TR/wasm-core-2/, w3C Can-di-date Rec-om-men-da-tion
 []


Underfull \hbox (badness 2080) in paragraph at lines 149--153
[]\T1/cmr/m/n/9 Zou, W., Lo, D., Kochhar, P.S., Le, X.B.D., Xia, X., Feng, Y., Chen,
 []


Underfull \hbox (badness 4254) in paragraph at lines 149--153
\T1/cmr/m/n/9 Z., Xu, B.: Smart con-tract de-vel-op-ment: Chal-lenges and op-por-tu-ni-ties.
 []


Underfull \hbox (badness 6412) in paragraph at lines 149--153
\T1/cmr/m/n/9 IEEE Trans-ac-tions on Soft-ware En-gi-neer-ing \T1/cmr/bx/n/9 47\T1/cmr/m/n/9 (10), 2084--2106 (2021).
 []

) [20] (./evocrypt.aux) ) 
Here is how much of TeX's memory you used:
 6298 strings out of 480171
 92911 string characters out of 5894490
 390382 words of memory out of 5000000
 24146 multiletter control sequences out of 15000+600000
 486194 words of font info for 72 fonts, out of 8000000 for 9000
 59 hyphenation exceptions out of 8191
 55i,19n,62p,1676b,327s stack positions out of 5000i,500n,10000p,200000b,80000s
 </home/liuqi/.texlive2021/texmf-var/fonts/pk/ljfour/jknappen/ec/ectt1000.600pk> </home/liuqi/.texlive2021/texmf-var/fonts/pk/ljfour/jknappen/ec/ecrm0700.600pk> </home/liuqi/.texlive2021/texmf-var/fonts/pk/ljfour/jknappen/ec/ecti1000.600pk> </home/liuqi/.texlive2021/texmf-var/fonts/pk/ljfour/jknappen/ec/ecbx1000.600pk> </home/liuqi/.texlive2021/texmf-var/fonts/pk/ljfour/jknappen/ec/ecbx1200.600pk> </home/liuqi/.texlive2021/texmf-var/fonts/pk/ljfour/jknappen/ec/tcrm0900.600pk> </home/liuqi/.texlive2021/texmf-var/fonts/pk/ljfour/jknappen/ec/ecbx0900.600pk> </home/liuqi/.texlive2021/texmf-var/fonts/pk/ljfour/jknappen/ec/ecrm0900.600pk> </home/liuqi/.texlive2021/texmf-var/fonts/pk/ljfour/jknappen/ec/ecrm1000.600pk> </home/liuqi/.texlive2021/texmf-var/fonts/pk/ljfour/jknappen/ec/ecbx1440.600pk></usr/share/texlive/texmf-dist/fonts/type1/public/amsfonts/cm/cmex10.pfb></usr/share/texlive/texmf-dist/fonts/type1/public/amsfonts/cmextra/cmex9.pfb></usr/share/texlive/texmf-dist/fonts/type1/public/amsfonts/cm/cmmi10.pfb></usr/share/texlive/texmf-dist/fonts/type1/public/amsfonts/cm/cmmi5.pfb></usr/share/texlive/texmf-dist/fonts/type1/public/amsfonts/cm/cmmi6.pfb></usr/share/texlive/texmf-dist/fonts/type1/public/amsfonts/cm/cmmi7.pfb></usr/share/texlive/texmf-dist/fonts/type1/public/amsfonts/cm/cmmi9.pfb></usr/share/texlive/texmf-dist/fonts/type1/public/amsfonts/cm/cmr10.pfb></usr/share/texlive/texmf-dist/fonts/type1/public/amsfonts/cm/cmr6.pfb></usr/share/texlive/texmf-dist/fonts/type1/public/amsfonts/cm/cmr7.pfb></usr/share/texlive/texmf-dist/fonts/type1/public/amsfonts/cm/cmr9.pfb></usr/share/texlive/texmf-dist/fonts/type1/public/amsfonts/cm/cmss10.pfb></usr/share/texlive/texmf-dist/fonts/type1/public/amsfonts/cm/cmsy10.pfb></usr/share/texlive/texmf-dist/fonts/type1/public/amsfonts/cm/cmsy5.pfb></usr/share/texlive/texmf-dist/fonts/type1/public/amsfonts/cm/cmsy6.pfb></usr/share/texlive/texmf-dist/fonts/type1/public/amsfonts/cm/cmsy7.pfb></usr/share/texlive/texmf-dist/fonts/type1/public/amsfonts/cm/cmsy9.pfb>
Output written on evocrypt.pdf (20 pages, 991476 bytes).
PDF statistics:
 658 PDF objects out of 1000 (max. 8388607)
 182 compressed objects within 2 object streams
 0 named destinations out of 1000 (max. 500000)
 36 words of extra memory for PDF output out of 10000 (max. 10000000)

