cryptoupgrade-local5-node3  | WARN [09-02|14:51:02.260] Unknown config environment variable      envvar=GETH_CRYPTOUPGRADE_PLUGIN_DIR
cryptoupgrade-local5-node3  | INFO [09-02|14:51:02.275] Maximum peer count                       ETH=50 total=50
cryptoupgrade-local5-node3  | INFO [09-02|14:51:02.277] Smartcard socket not found, disabling    err="stat /run/pcscd/pcscd.comm: no such file or directory"
cryptoupgrade-local5-node3  | WARN [09-02|14:51:02.281] Sanitizing cache to Go's GC limits       source=system provided=4096 updated=2530
cryptoupgrade-local5-node3  | INFO [09-02|14:51:02.283] Set global gas cap                       cap=50,000,000
cryptoupgrade-local5-node3  | INFO [09-02|14:51:02.284] Initializing the KZG library             backend=gokzg
cryptoupgrade-local5-node3  | INFO [09-02|14:51:02.286] Defaulting to pebble as the backing database
cryptoupgrade-local5-node3  | INFO [09-02|14:51:02.286] Allocated cache and file handles         database=/data/geth/chaindata cache=1.24GiB handles=524,288 version=v2
cryptoupgrade-local5-node3  | INFO [09-02|14:51:02.404] Opened ancient database                  database=/data/geth/chaindata/ancient/chain readonly=false
cryptoupgrade-local5-node3  | INFO [09-02|14:51:02.404] Opened Era store                         datadir=/data/geth/chaindata/ancient/chain/era
cryptoupgrade-local5-node3  | INFO [09-02|14:51:02.405] State schema set to default              scheme=path
cryptoupgrade-local5-node3  | INFO [09-02|14:51:02.405] Load database journal from disk
cryptoupgrade-local5-node3  | WARN [09-02|14:51:02.405] Head block is not reachable
cryptoupgrade-local5-node3  | INFO [09-02|14:51:02.484] Opened ancient database                  database=/data/geth/chaindata/ancient/state readonly=false
cryptoupgrade-local5-node3  | INFO [09-02|14:51:02.484] State snapshot generator is not found
cryptoupgrade-local5-node3  | INFO [09-02|14:51:02.484] Starting snapshot generation             root=56e81f..63b421 accounts=0 slots=0 storage=0.00B dangling=0 elapsed="13.386µs"
cryptoupgrade-local5-node3  | INFO [09-02|14:51:02.484] Initialized path database                triecache=16.00MiB statecache=16.00MiB buffer=64.00MiB state-history="last 90000 blocks" journal-dir=/data/geth/triedb
cryptoupgrade-local5-node3  | INFO [09-02|14:51:02.484] Writing custom genesis block
cryptoupgrade-local5-node3  | INFO [09-02|14:51:02.484] Resuming snapshot generation             root=56e81f..63b421 accounts=0 slots=0 storage=0.00B dangling=0 elapsed="321.362µs"
cryptoupgrade-local5-node3  | INFO [09-02|14:51:02.485] Generated snapshot                       accounts=0 slots=0 storage=0.00B dangling=0 elapsed=1.402ms
cryptoupgrade-local5-node3  | INFO [09-02|14:51:02.486] Successfully wrote genesis state         database=chaindata                          hash=cd6845..872147
cryptoupgrade-local5-node3  | WARN [09-02|14:51:02.763] Unknown config environment variable      envvar=GETH_CRYPTOUPGRADE_PLUGIN_DIR
cryptoupgrade-local5-node3  | INFO [09-02|14:51:02.794] Maximum peer count                       ETH=50 total=50
cryptoupgrade-local5-node3  | INFO [09-02|14:51:02.798] Smartcard socket not found, disabling    err="stat /run/pcscd/pcscd.comm: no such file or directory"
cryptoupgrade-local5-node3  | WARN [09-02|14:51:02.802] Sanitizing cache to Go's GC limits       source=system provided=4096 updated=2530
cryptoupgrade-local5-node3  | INFO [09-02|14:51:02.806] Set global gas cap                       cap=50,000,000
cryptoupgrade-local5-node3  | WARN [09-02|14:51:02.806] Setting network ID with command-line flag id=11,223,344
cryptoupgrade-local5-node3  | INFO [09-02|14:51:02.809] Initializing the KZG library             backend=gokzg
cryptoupgrade-local5-node3  | INFO [09-02|14:51:02.810] Allocated trie memory caches             clean=379.00MiB dirty=632.00MiB
cryptoupgrade-local5-node3  | INFO [09-02|14:51:02.812] Using pebble as the backing database
cryptoupgrade-local5-node3  | INFO [09-02|14:51:02.812] Allocated cache and file handles         database=/data/geth/chaindata cache=1.24GiB handles=524,288 version=v2
cryptoupgrade-local5-node3  | INFO [09-02|14:51:02.957] Opened ancient database                  database=/data/geth/chaindata/ancient/chain readonly=false
cryptoupgrade-local5-node3  | INFO [09-02|14:51:02.957] Opened Era store                         datadir=/data/geth/chaindata/ancient/chain/era
cryptoupgrade-local5-node3  | INFO [09-02|14:51:02.957] State scheme set to already existing     scheme=path
cryptoupgrade-local5-node3  | INFO [09-02|14:51:02.957] Initialising Ethereum protocol           network=11,223,344 dbversion=<nil>
cryptoupgrade-local5-node3  | WARN [09-02|14:51:02.958] Sanitizing invalid node buffer size      provided=632.00MiB updated=256.00MiB
cryptoupgrade-local5-node3  | INFO [09-02|14:51:02.958] Load database journal from disk
cryptoupgrade-local5-node3  | INFO [09-02|14:51:02.958] Failed to load journal, discard it       err="journal not found"
cryptoupgrade-local5-node3  | INFO [09-02|14:51:02.993] Opened ancient database                  database=/data/geth/chaindata/ancient/state readonly=false
cryptoupgrade-local5-node3  | INFO [09-02|14:51:02.994] Initialized path database                triecache=379.00MiB statecache=253.00MiB buffer=256.00MiB state-history="last 90000 blocks" journal-dir=/data/geth/triedb
cryptoupgrade-local5-node3  | INFO [09-02|14:51:02.994] 
cryptoupgrade-local5-node3  | INFO [09-02|14:51:02.994] ---------------------------------------------------------------------------------------------------------------------------------------------------------
cryptoupgrade-local5-node3  | INFO [09-02|14:51:02.994] Chain ID:  11223344 (unknown)
cryptoupgrade-local5-node3  | INFO [09-02|14:51:02.994] Consensus: Beacon (proof-of-stake), merged from Clique (proof-of-authority)
cryptoupgrade-local5-node3  | INFO [09-02|14:51:02.994] 
cryptoupgrade-local5-node3  | INFO [09-02|14:51:02.994] Pre-Merge hard forks (block based):
cryptoupgrade-local5-node3  | INFO [09-02|14:51:02.994]  - Homestead:                   #0       
cryptoupgrade-local5-node3  | INFO [09-02|14:51:02.994]  - Tangerine Whistle (EIP 150): #0       
cryptoupgrade-local5-node3  | INFO [09-02|14:51:02.994]  - Spurious Dragon/1 (EIP 155): #0       
cryptoupgrade-local5-node3  | INFO [09-02|14:51:02.994]  - Spurious Dragon/2 (EIP 158): #0       
cryptoupgrade-local5-node3  | INFO [09-02|14:51:02.994]  - Byzantium:                   #0       
cryptoupgrade-local5-node3  | INFO [09-02|14:51:02.994]  - Constantinople:              #0       
cryptoupgrade-local5-node3  | INFO [09-02|14:51:02.994]  - Petersburg:                  #0       
cryptoupgrade-local5-node3  | INFO [09-02|14:51:02.994]  - Istanbul:                    #0       
cryptoupgrade-local5-node3  | INFO [09-02|14:51:02.994]  - Berlin:                      #0       
cryptoupgrade-local5-node3  | INFO [09-02|14:51:02.994]  - London:                      #0       
cryptoupgrade-local5-node3  | INFO [09-02|14:51:02.994] 
cryptoupgrade-local5-node3  | INFO [09-02|14:51:02.994] Merge configured:
cryptoupgrade-local5-node3  | INFO [09-02|14:51:02.994]  - Total terminal difficulty:  9223372036854775807
cryptoupgrade-local5-node3  | INFO [09-02|14:51:02.994] 
cryptoupgrade-local5-node3  | INFO [09-02|14:51:02.994] Post-Merge hard forks (timestamp based):
cryptoupgrade-local5-node3  | INFO [09-02|14:51:02.994] 
cryptoupgrade-local5-node3  | INFO [09-02|14:51:02.994] All fork specifications can be found at https://ethereum.github.io/execution-specs/src/ethereum/forks/
cryptoupgrade-local5-node3  | INFO [09-02|14:51:02.994] 
cryptoupgrade-local5-node3  | INFO [09-02|14:51:02.994] ---------------------------------------------------------------------------------------------------------------------------------------------------------
cryptoupgrade-local5-node3  | INFO [09-02|14:51:02.994] 
cryptoupgrade-local5-node3  | INFO [09-02|14:51:02.994] Loaded most recent local block           number=0 hash=cd6845..872147 age=57y5mo4w
cryptoupgrade-local5-node3  | INFO [09-02|14:51:02.995] Initialized transaction indexer          range="last 2350000 blocks"
cryptoupgrade-local5-node3  | INFO [09-02|14:51:03.309] Enabled full-sync                        head=0 hash=cd6845..872147
cryptoupgrade-local5-node3  | INFO [09-02|14:51:03.309] Gasprice oracle is ignoring threshold set threshold=2
cryptoupgrade-local5-node3  | INFO [09-02|14:51:03.309] Registered sync override service
cryptoupgrade-local5-node3  | INFO [09-02|14:51:03.310] Starting peer-to-peer node               instance=Geth/v1.17.5-unstable-eabc9d93-20260822/linux-amd64/go1.26.5
cryptoupgrade-local5-node3  | INFO [09-02|14:51:03.383] New local node record                    seq=1,788,360,663,375 id=4d1414946f8bf55e ip=127.0.0.1 udp=30303 tcp=30303
cryptoupgrade-local5-node3  | INFO [09-02|14:51:03.384] Started P2P networking                   self=enode://fb47d27abae566e3b70cfc228e19f01d5b40a084bdfaf6ee68813f69f49ffd1182b0890765f719d6d497efbb0670dbc55adac0f53e8828319922434bd8188711@127.0.0.1:30303
cryptoupgrade-local5-node3  | INFO [09-02|14:51:03.385] Generated JWT secret                     path=/data/geth/jwtsecret
cryptoupgrade-local5-node3  | INFO [09-02|14:51:03.386] HTTP server started                      endpoint=[::]:8545 auth=false prefix= cors=* vhosts=*
cryptoupgrade-local5-node3  | INFO [09-02|14:51:03.387] WebSocket enabled                        url=ws://127.0.0.1:8551
cryptoupgrade-local5-node3  | INFO [09-02|14:51:03.387] HTTP server started                      endpoint=127.0.0.1:8551 auth=true  prefix= cors=localhost vhosts=localhost
cryptoupgrade-local5-node3  | INFO [09-02|14:51:03.388] Started log indexer
cryptoupgrade-local5-node3  | INFO [09-02|14:51:09.005] Syncing beacon headers                   downloaded=1 left=0 eta=0s
cryptoupgrade-local5-node3  | INFO [09-02|14:51:09.005] Block synchronisation started
cryptoupgrade-local5-node3  | INFO [09-02|14:51:09.006] Stored checkpoint snapshot to disk       number=0 hash=cd6845..872147
cryptoupgrade-local5-node3  | INFO [09-02|14:51:09.007] Imported new chain segment               number=2 hash=fd323e..b1b760 blocks=2 txs=0 mgas=0.000 elapsed=1.266ms mgasps=0.000 triedirty=0.00B
cryptoupgrade-local5-node3  | INFO [09-02|14:51:09.021] Indexed transactions                     blocks=3 txs=0 tail=0 elapsed="649.661µs"
cryptoupgrade-local5-node3  | INFO [09-02|17:45:19.593] Imported new chain segment               number=3 hash=8e30eb..ccef05 blocks=1 txs=0 mgas=0.000 elapsed="929.619µs" mgasps=0.000 age=2h54m5s  triedirty=0.00B ignored=1
cryptoupgrade-local5-node3  | INFO [09-02|17:45:20.588] Imported new chain segment               number=4 hash=b07a15..4e7da9 blocks=1 txs=0 mgas=0.000 elapsed=1.190ms     mgasps=0.000 triedirty=0.00B ignored=1
cryptoupgrade-local5-node3  | INFO [09-02|18:00:01.822] Imported new chain segment               number=5 hash=5ff936..faf109 blocks=1 txs=0 mgas=0.000 elapsed=1.575ms     mgasps=0.000 age=14m36s   triedirty=0.00B ignored=1
cryptoupgrade-local5-node3  | INFO [09-02|18:00:02.832] Imported new chain segment               number=6 hash=f79281..88f84e blocks=1 txs=0 mgas=0.000 elapsed=1.641ms     mgasps=0.000 triedirty=0.00B ignored=1
cryptoupgrade-local5-node3  | INFO [09-02|18:00:07.016] Imported new chain segment               number=7 hash=6d468f..5fa082 blocks=1 txs=0 mgas=0.000 elapsed=6.454ms     mgasps=0.000 triedirty=0.00B ignored=1
cryptoupgrade-local5-node3  | INFO [09-02|18:00:12.007] Imported new chain segment               number=8 hash=d63a50..ab2e36 blocks=1 txs=0 mgas=0.000 elapsed=1.204ms     mgasps=0.000 triedirty=0.00B ignored=1
cryptoupgrade-local5-node3  | INFO [09-02|18:00:17.005] Imported new chain segment               number=9 hash=99205c..665bfc blocks=1 txs=0 mgas=0.000 elapsed="789.733µs" mgasps=0.000 triedirty=0.00B ignored=1
cryptoupgrade-local5-node3  | WARN [09-02|18:00:20.681] Beacon client online, but no consensus updates received in a while. Please fix your beacon client to follow the chain!
cryptoupgrade-local5-node3  | INFO [09-02|18:00:20.753] Looking for peers                        peercount=3 tried=4 static=4
cryptoupgrade-local5-node3  | INFO [09-02|18:00:22.007] Imported new chain segment               number=10 hash=d02261..ed1c6f blocks=1 txs=0 mgas=0.000 elapsed="875.817µs" mgasps=0.000 triedirty=0.00B ignored=1
cryptoupgrade-local5-node3  | INFO [09-02|18:00:27.006] Imported new chain segment               number=11 hash=83fd9d..879d83 blocks=1 txs=0 mgas=0.000 elapsed=1.021ms     mgasps=0.000 triedirty=0.00B ignored=1
cryptoupgrade-local5-node3  | INFO [09-02|18:00:32.006] Imported new chain segment               number=12 hash=ae0226..c7e008 blocks=1 txs=0 mgas=0.000 elapsed="800.133µs" mgasps=0.000 triedirty=0.00B ignored=1
cryptoupgrade-local5-node3  | INFO [09-02|18:00:37.005] Imported new chain segment               number=13 hash=d0c6d1..18d3bf blocks=1 txs=0 mgas=0.000 elapsed="767.701µs" mgasps=0.000 triedirty=0.00B ignored=1
cryptoupgrade-local5-node3  | INFO [09-02|18:00:42.007] Imported new chain segment               number=14 hash=810ca6..863828 blocks=1 txs=0 mgas=0.000 elapsed=1.700ms     mgasps=0.000 triedirty=0.00B ignored=1
cryptoupgrade-local5-node3  | INFO [09-02|18:00:47.008] Imported new chain segment               number=15 hash=e96683..1aafa5 blocks=1 txs=0 mgas=0.000 elapsed=2.892ms     mgasps=0.000 triedirty=0.00B ignored=1
cryptoupgrade-local5-node3  | INFO [09-02|18:00:52.005] Imported new chain segment               number=16 hash=2609f6..69b030 blocks=1 txs=0 mgas=0.000 elapsed="721.874µs" mgasps=0.000 triedirty=0.00B ignored=1
cryptoupgrade-local5-node3  | INFO [09-02|18:00:55.753] Looking for peers                        peercount=4 tried=1 static=4
cryptoupgrade-local5-node3  | INFO [09-02|18:00:57.006] Imported new chain segment               number=17 hash=7bc265..487ad3 blocks=1 txs=0 mgas=0.000 elapsed="894.944µs" mgasps=0.000 triedirty=0.00B ignored=1
cryptoupgrade-local5-node3  | INFO [09-02|18:01:02.006] Imported new chain segment               number=18 hash=13d998..ef06b7 blocks=1 txs=0 mgas=0.000 elapsed="792.067µs" mgasps=0.000 triedirty=0.00B ignored=1
cryptoupgrade-local5-node3  | INFO [09-02|18:01:07.004] Imported new chain segment               number=19 hash=162997..f71d83 blocks=1 txs=0 mgas=0.000 elapsed="783.612µs" mgasps=0.000 triedirty=0.00B ignored=1
cryptoupgrade-local5-node3  | INFO [09-02|18:01:11.744] New local node record                    seq=1,788,360,663,376 id=4d1414946f8bf55e ip=103.151.172.47 udp=53326 tcp=30303
cryptoupgrade-local5-node3  | INFO [09-02|18:01:12.007] Imported new chain segment               number=20 hash=35c6d9..d8ea24 blocks=1 txs=0 mgas=0.000 elapsed="935.51µs"  mgasps=0.000 triedirty=0.00B ignored=1
cryptoupgrade-local5-node3  | INFO [09-02|18:01:17.004] Imported new chain segment               number=21 hash=8a2358..438993 blocks=1 txs=0 mgas=0.000 elapsed="662.661µs" mgasps=0.000 triedirty=0.00B ignored=1
cryptoupgrade-local5-node3  | INFO [09-02|18:01:22.005] Imported new chain segment               number=22 hash=5eba71..d1cc4a blocks=1 txs=0 mgas=0.000 elapsed="599.41µs"  mgasps=0.000 triedirty=0.00B ignored=1
cryptoupgrade-local5-node3  | INFO [09-02|18:01:27.005] Imported new chain segment               number=23 hash=e741ce..7ad645 blocks=1 txs=0 mgas=0.000 elapsed="722.606µs" mgasps=0.000 triedirty=0.00B ignored=1
cryptoupgrade-local5-node3  | INFO [09-02|18:01:32.006] Imported new chain segment               number=24 hash=7c4a77..5c2eb8 blocks=1 txs=0 mgas=0.000 elapsed="504.501µs" mgasps=0.000 triedirty=0.00B ignored=1
cryptoupgrade-local5-node3  | INFO [09-02|18:01:37.004] Imported new chain segment               number=25 hash=159bde..4e86e4 blocks=1 txs=0 mgas=0.000 elapsed="766.669µs" mgasps=0.000 triedirty=0.00B ignored=1
cryptoupgrade-local5-node3  | INFO [09-02|18:01:42.006] Imported new chain segment               number=26 hash=2b8be2..f06f51 blocks=1 txs=0 mgas=0.000 elapsed=1.301ms     mgasps=0.000 triedirty=0.00B ignored=1
cryptoupgrade-local5-node3  | INFO [09-02|18:01:47.004] Imported new chain segment               number=27 hash=68b281..3263cb blocks=1 txs=0 mgas=0.000 elapsed="862.472µs" mgasps=0.000 triedirty=0.00B ignored=1
cryptoupgrade-local5-node3  | INFO [09-02|18:01:52.004] Imported new chain segment               number=28 hash=88ee1e..598c8c blocks=1 txs=0 mgas=0.000 elapsed="816.353µs" mgasps=0.000 triedirty=0.00B ignored=1
cryptoupgrade-local5-node3  | INFO [09-02|18:01:57.006] Imported new chain segment               number=29 hash=e9dcc4..ce5504 blocks=1 txs=0 mgas=0.000 elapsed=1.520ms     mgasps=0.000 triedirty=0.00B ignored=1
cryptoupgrade-local5-node3  | INFO [09-02|18:02:02.007] Imported new chain segment               number=30 hash=a74874..14b18b blocks=1 txs=0 mgas=0.000 elapsed=1.111ms     mgasps=0.000 triedirty=0.00B ignored=1
cryptoupgrade-local5-node3  | INFO [09-02|18:02:07.006] Imported new chain segment               number=31 hash=6938ae..ecb494 blocks=1 txs=0 mgas=0.000 elapsed="949.978µs" mgasps=0.000 triedirty=0.00B ignored=1
cryptoupgrade-local5-node3  | INFO [09-02|18:02:12.007] Imported new chain segment               number=32 hash=dcc4fc..8f36cc blocks=1 txs=0 mgas=0.000 elapsed="912.546µs" mgasps=0.000 triedirty=0.00B ignored=1
cryptoupgrade-local5-node3  | INFO [09-02|18:02:17.006] Imported new chain segment               number=33 hash=4d6b2a..827d11 blocks=1 txs=0 mgas=0.000 elapsed="929.529µs" mgasps=0.000 triedirty=0.00B ignored=1
cryptoupgrade-local5-node3  | INFO [09-02|18:02:22.005] Imported new chain segment               number=34 hash=4d527d..b2e21f blocks=1 txs=0 mgas=0.000 elapsed="721.724µs" mgasps=0.000 triedirty=0.00B ignored=1
cryptoupgrade-local5-node3  | INFO [09-02|18:02:27.004] Imported new chain segment               number=35 hash=7f56fc..5a6893 blocks=1 txs=0 mgas=0.000 elapsed="752.483µs" mgasps=0.000 triedirty=0.00B ignored=1
cryptoupgrade-local5-node3  | INFO [09-02|18:02:32.005] Imported new chain segment               number=36 hash=3f9e49..ecbfb2 blocks=1 txs=0 mgas=0.000 elapsed="752.322µs" mgasps=0.000 triedirty=0.00B ignored=1
cryptoupgrade-local5-node3  | WARN [09-02|18:02:32.187] Served eth_call                          conn=172.19.0.1:40232 reqid=2 duration="499.04µs" err="algorithm AddLatency001 is not loaded"
cryptoupgrade-local5-node3  | INFO [09-02|18:02:37.008] Imported new chain segment               number=37 hash=6e13dd..31837b blocks=1 txs=1 mgas=0.338 elapsed=1.385ms     mgasps=244.063 triediffs=332.00B triedirty=0.00B
cryptoupgrade-local5-node3  | INFO [09-02|18:02:37.038] Activated upgrade algorithm              name=AddLatency001
cryptoupgrade-local5-node3  | INFO [09-02|18:02:37.052] Call upgrade algorithm                   name=AddLatency001 block=37 input="[0 0 0 0 0 0 0 0 0 0 0 0 0 0 0 0 0 0 0 0 0 0 0 0 0 0 0 0 0 0 0 100 0 0 0 0 0 0 0 0 0 0 0 0 0 0 0 0 0 0 0 0 0 0 0 0 0 0 0 0 0 0 0 100]"
cryptoupgrade-local5-node3  | INFO [09-02|18:02:37.052] Loaded upgrade algorithm                 name=AddLatency001 wasmPath=/plugin/wasm/AddLatency001.wasm compiledPath=/plugin/compiled/AddLatency001
cryptoupgrade-local5-node3  | INFO [09-02|18:02:37.052] Successfully called upgrade algorithm    gas=18,446,744,073,709,551,615 output="[0 0 0 0 0 0 0 0 0 0 0 0 0 0 0 0 0 0 0 0 0 0 0 0 0 0 0 0 0 0 0 200]"
cryptoupgrade-local5-node3  | WARN [09-02|18:02:37.060] Served eth_call                          conn=172.19.0.1:40232 reqid=2 duration="239.425µs" err="algorithm Sha256Latency001 is not loaded"
cryptoupgrade-local5-node3  | INFO [09-02|18:02:42.013] Imported new chain segment               number=38 hash=eb86fd..9f7a69 blocks=1 txs=2 mgas=1.757 elapsed=4.010ms     mgasps=438.253 triediffs=664.00B triedirty=0.00B ignored=1
cryptoupgrade-local5-node3  | INFO [09-02|18:02:42.065] Activated upgrade algorithm              name=Sha256Latency001
cryptoupgrade-local5-node3  | INFO [09-02|18:02:42.133] Call upgrade algorithm                   name=Sha256Latency001 block=38 input="[0 0 0 0 0 0 0 0 0 0 0 0 0 0 0 0 0 0 0 0 0 0 0 0 0 0 0 0 0 0 0 32 0 0 0 0 0 0 0 0 0 0 0 0 0 0 0 0 0 0 0 0 0 0 0 0 0 0 0 0 0 0 0 19 104 101 108 108 111 32 99 114 121 112 116 111 117 112 103 114 97 100 101 0 0 0 0 0 0 0 0 0 0 0 0 0]"
cryptoupgrade-local5-node3  | INFO [09-02|18:02:42.133] Loaded upgrade algorithm                 name=Sha256Latency001 wasmPath=/plugin/wasm/Sha256Latency001.wasm compiledPath=/plugin/compiled/Sha256Latency001
cryptoupgrade-local5-node3  | INFO [09-02|18:02:42.134] Successfully called upgrade algorithm    gas=18,446,744,073,709,551,615 output="[0 0 0 0 0 0 0 0 0 0 0 0 0 0 0 0 0 0 0 0 0 0 0 0 0 0 0 0 0 0 0 32 0 0 0 0 0 0 0 0 0 0 0 0 0 0 0 0 0 0 0 0 0 0 0 0 0 0 0 0 0 0 0 32 29 250 48 172 223 72 156 90 106 210 145 144 47 215 197 132 73 253 50 94 142 100 208 212 91 112 78 143 76 69 52 20]"
cryptoupgrade-local5-node3  | WARN [09-02|18:02:42.141] Served eth_call                          conn=172.19.0.1:40232 reqid=2 duration="359.023µs" err="algorithm Sum256Latency001 is not loaded"
cryptoupgrade-local5-node3  | INFO [09-02|18:02:47.008] Imported new chain segment               number=39 hash=f139d9..7e38bd blocks=1 txs=2 mgas=0.292 elapsed=1.539ms     mgasps=189.665 triediffs=996.00B triedirty=0.00B ignored=1
cryptoupgrade-local5-node3  | INFO [09-02|18:02:47.029] Activated upgrade algorithm              name=Sum256Latency001
cryptoupgrade-local5-node3  | INFO [09-02|18:02:47.204] Call upgrade algorithm                   name=Sum256Latency001 block=39 input="[0 0 0 0 0 0 0 0 0 0 0 0 0 0 0 0 0 0 0 0 0 0 0 0 0 0 0 0 0 0 0 32 0 0 0 0 0 0 0 0 0 0 0 0 0 0 0 0 0 0 0 0 0 0 0 0 0 0 0 0 0 0 0 19 104 101 108 108 111 32 99 114 121 112 116 111 117 112 103 114 97 100 101 0 0 0 0 0 0 0 0 0 0 0 0 0]"
cryptoupgrade-local5-node3  | INFO [09-02|18:02:47.204] Loaded upgrade algorithm                 name=Sum256Latency001 wasmPath=/plugin/wasm/Sum256Latency001.wasm compiledPath=/plugin/compiled/Sum256Latency001
cryptoupgrade-local5-node3  | INFO [09-02|18:02:47.204] Successfully called upgrade algorithm    gas=18,446,744,073,709,551,615 output="[87 117 100 108 173 41 49 41 151 75 248 149 80 203 60 15 248 67 4 255 64 24 158 237 97 245 125 251 223 180 221 196]"
cryptoupgrade-local5-node3  | WARN [09-02|18:02:47.212] Served eth_call                          conn=172.19.0.1:40232 reqid=2 duration="479.898µs" err="algorithm Pbkdf2Sha256Latency001 is not loaded"
cryptoupgrade-local5-node3  | INFO [09-02|18:02:52.011] Imported new chain segment               number=40 hash=d0f47f..283466 blocks=1 txs=2 mgas=1.850 elapsed=2.269ms     mgasps=815.036 triediffs=1.30KiB triedirty=0.00B ignored=1
cryptoupgrade-local5-node3  | INFO [09-02|18:02:52.070] Activated upgrade algorithm              name=Pbkdf2Sha256Latency001
cryptoupgrade-local5-node3  | INFO [09-02|18:02:52.077] Call upgrade algorithm                   name=Pbkdf2Sha256Latency001 block=40 input="[0 0 0 0 0 0 0 0 0 0 0 0 0 0 0 0 0 0 0 0 0 0 0 0 0 0 0 0 0 0 0 128 0 0 0 0 0 0 0 0 0 0 0 0 0 0 0 0 0 0 0 0 0 0 0 0 0 0 0 0 0 0 0 192 0 0 0 0 0 0 0 0 0 0 0 0 0 0 0 0 0 0 0 0 0 0 0 0 0 0 0 0 0 0 0 2 0 0 0 0 0 0 0 0 0 0 0 0 0 0 0 0 0 0 0 0 0 0 0 0 0 0 0 0 0 0 0 32 0 0 0 0 0 0 0 0 0 0 0 0 0 0 0 0 0 0 0 0 0 0 0 0 0 0 0 0 0 0 0 8 112 97 115 115 119 111 114 100 0 0 0 0 0 0 0 0 0 0 0 0 0 0 0 0 0 0 0 0 0 0 0 0 0 0 0 0 0 0 0 0 0 0 0 0 0 0 0 0 0 0 0 0 0 0 0 0 0 0 0 0 0 0 0 4 115 97 108 116 0 0 0 0 0 0 0 0 0 0 0 0 0 0 0 0 0 0 0 0 0 0 0 0 0 0 0 0]"
cryptoupgrade-local5-node3  | INFO [09-02|18:02:52.078] Loaded upgrade algorithm                 name=Pbkdf2Sha256Latency001 wasmPath=/plugin/wasm/Pbkdf2Sha256Latency001.wasm compiledPath=/plugin/compiled/Pbkdf2Sha256Latency001
cryptoupgrade-local5-node3  | INFO [09-02|18:02:52.078] Successfully called upgrade algorithm    gas=18,446,744,073,709,551,615 output="[0 0 0 0 0 0 0 0 0 0 0 0 0 0 0 0 0 0 0 0 0 0 0 0 0 0 0 0 0 0 0 32 0 0 0 0 0 0 0 0 0 0 0 0 0 0 0 0 0 0 0 0 0 0 0 0 0 0 0 0 0 0 0 32 174 77 12 149 175 107 70 211 45 10 223 249 40 240 109 208 42 48 63 142 243 194 81 223 214 226 216 90 149 71 76 67]"
cryptoupgrade-local5-node3  | WARN [09-02|18:02:52.087] Served eth_call                          conn=172.19.0.1:40232 reqid=2 duration="314.528µs" err="algorithm Dh2048SecretLatency001 is not loaded"
cryptoupgrade-local5-node3  | INFO [09-02|18:02:57.009] Imported new chain segment               number=41 hash=142291..2b2503 blocks=1 txs=2 mgas=1.035 elapsed=1.804ms     mgasps=573.438 triediffs=1.62KiB triedirty=0.00B ignored=1
cryptoupgrade-local5-node3  | INFO [09-02|18:02:57.073] Activated upgrade algorithm              name=Dh2048SecretLatency001
cryptoupgrade-local5-node3  | INFO [09-02|18:02:57.158] Call upgrade algorithm                   name=Dh2048SecretLatency001 block=41 input="[0 0 0 0 0 0 0 0 0 0 0 0 0 0 0 0 0 0 0 0 0 0 0 0 0 0 0 0 0 0 0 64 0 0 0 0 0 0 0 0 0 0 0 0 0 0 0 0 0 0 0 0 0 0 0 0 0 0 0 0 0 0 0 128 0 0 0 0 0 0 0 0 0 0 0 0 0 0 0 0 0 0 0 0 0 0 0 0 0 0 0 0 0 0 0 1 5 0 0 0 0 0 0 0 0 0 0 0 0 0 0 0 0 0 0 0 0 0 0 0 0 0 0 0 0 0 0 0 0 0 0 0 0 0 0 0 0 0 0 0 0 0 0 0 0 0 0 0 0 0 0 0 0 0 0 0 0 0 1 0 0 0 0 0 0 0 0 0 0 0 0 0 0 0 0 0 0 0 0 0 0 0 0 0 0 0 0 0 0 0 0 0 0 0 0 0 0 0 0 0 0 0 0 0 0 0 0 0 0 0 0 0 0 0 0 0 0 0 0 0 0 0 0 0 0 0 0 0 0 0 0 0 0 0 0 0 0 0 0 0 0 0 0 0 0 0 0 0 0 0 0 0 0 0 0 0 0 0 0 0 0 0 0 0 0 0 0 0 0 0 0 0 0 0 0 0 0 0 0 0 0 0 0 0 0 0 0 0 0 0 0 0 0 0 0 0 0 0 0 0 0 0 0 0 0 0 0 0 0 0 0 0 0 0 0 0 0 0 0 0 0 0 0 0 0 0 0 0 0 0 0 0 0 0 0 0 0 0 0 0 0 0 0 0 0 0 0 0 0 0 0 0 0 0 0 0 0 0 0 0 0 0 0 0 0 0 0 0 0 0 0 0 0 0 0 0 0 0 0 0 0 0 0 0 0 0 0 0 0 0 0 0 0 0 0 0 0 0 0 0 0 0 0 0 0 0 0 0 0 0 0 0 0 0 0 128]"
cryptoupgrade-local5-node3  | INFO [09-02|18:02:57.158] Loaded upgrade algorithm                 name=Dh2048SecretLatency001 wasmPath=/plugin/wasm/Dh2048SecretLatency001.wasm compiledPath=/plugin/compiled/Dh2048SecretLatency001
cryptoupgrade-local5-node3  | INFO [09-02|18:02:57.159] Successfully called upgrade algorithm    gas=18,446,744,073,709,551,615 output="[0 0 0 0 0 0 0 0 0 0 0 0 0 0 0 0 0 0 0 0 0 0 0 0 0 0 0 0 0 0 0 32 0 0 0 0 0 0 0 0 0 0 0 0 0 0 0 0 0 0 0 0 0 0 0 0 0 0 0 0 0 0 1 0 0 0 0 0 0 0 0 0 0 0 0 0 0 0 0 0 0 0 0 0 0 0 0 0 0 0 0 0 0 0 0 0 0 0 0 0 0 0 0 0 0 0 0 0 0 0 0 0 0 0 0 0 0 0 0 0 0 0 0 0 0 0 0 0 0 0 0 0 0 0 0 0 0 0 0 0 0 0 0 0 0 0 0 0 0 0 0 0 0 0 0 0 0 0 0 0 0 0 0 0 0 0 0 0 0 0 0 0 0 0 0 0 0 0 0 0 0 0 0 0 0 0 0 0 0 0 0 0 0 0 0 0 0 0 0 0 0 0 0 0 0 0 0 0 0 0 0 0 0 0 0 0 0 0 0 0 0 0 0 0 0 0 0 0 0 0 0 0 0 0 0 0 0 0 0 0 0 0 0 0 0 0 0 0 0 0 0 0 0 0 0 0 0 0 0 0 0 0 0 0 0 0 0 0 0 0 0 0 0 0 0 0 0 0 0 0 0 0 0 0 0 0 0 0 0 0 0 0 0 0 0 0 0 0 0 0 0 0 0 0 0 0 0 0 0 0 0 0 0 0 0 8 0 0 0 0]"
cryptoupgrade-local5-node3  | WARN [09-02|18:02:57.166] Served eth_call                          conn=172.19.0.1:40232 reqid=2 duration="249.876µs" err="algorithm PedersenCommitLatency001 is not loaded"
cryptoupgrade-local5-node3  | INFO [09-02|18:03:02.010] Imported new chain segment               number=42 hash=b63ea0..cdb595 blocks=1 txs=2 mgas=2.317 elapsed=2.821ms     mgasps=821.040 triediffs=1.95KiB triedirty=0.00B ignored=1
cryptoupgrade-local5-node3  | INFO [09-02|18:03:02.038] Call upgrade algorithm                   name=PedersenCommitLatency001 block=42 input="[0 0 0 0 0 0 0 0 0 0 0 0 0 0 0 0 0 0 0 0 0 0 0 0 0 0 0 0 0 0 0 64 0 0 0 0 0 0 0 0 0 0 0 0 0 0 0 0 0 0 0 0 0 0 0 0 0 0 0 0 0 0 0 128 0 0 0 0 0 0 0 0 0 0 0 0 0 0 0 0 0 0 0 0 0 0 0 0 0 0 0 0 0 0 0 1 7 0 0 0 0 0 0 0 0 0 0 0 0 0 0 0 0 0 0 0 0 0 0 0 0 0 0 0 0 0 0 0 0 0 0 0 0 0 0 0 0 0 0 0 0 0 0 0 0 0 0 0 0 0 0 0 0 0 0 0 0 0 0 1 11 0 0 0 0 0 0 0 0 0 0 0 0 0 0 0 0 0 0 0 0 0 0 0 0 0 0 0 0 0 0 0]"
cryptoupgrade-local5-node3  | INFO [09-02|18:03:02.038] Loaded upgrade algorithm                 name=PedersenCommitLatency001 wasmPath=/plugin/wasm/PedersenCommitLatency001.wasm compiledPath=/plugin/compiled/PedersenCommitLatency001
cryptoupgrade-local5-node3  | INFO [09-02|18:03:02.091] Activated upgrade algorithm              name=PedersenCommitLatency001
cryptoupgrade-local5-node3  | INFO [09-02|18:03:02.092] Successfully called upgrade algorithm    gas=18,446,744,073,709,551,615 output="[0 0 0 0 0 0 0 0 0 0 0 0 0 0 0 0 0 0 0 0 0 0 0 0 0 0 0 0 0 0 0 32 0 0 0 0 0 0 0 0 0 0 0 0 0 0 0 0 0 0 0 0 0 0 0 0 0 0 0 0 0 0 1 0 23 207 149 86 101 60 104 145 66 209 109 249 187 76 203 217 71 187 74 79 65 7 80 18 44 169 76 167 247 44 101 245 178 67 49 238 122 117 43 13 247 212 105 182 110 176 244 11 142 206 215 30 128 13 196 240 108 134 145 106 82 54 37 25 114 234 26 40 101 26 60 185 57 56 234 20 27 54 222 126 191 23 4 178 31 210 25 248 11 205 105 97 204 255 154 181 0 206 135 27 38 229 71 9 84 239 195 80 18 244 75 33 6 254 156 48 100 59 193 108 165 42 88 219 164 43 89 73 201 83 199 153 142 14 224 101 202 100 138 23 156 236 152 84 72 158 237 32 130 166 195 142 22 10 175 129 137 24 208 9 46 42 106 247 40 64 89 87 159 28 49 228 2 176 18 42 211 15 40 67 59 14 39 136 73 66 82 137 214 112 102 104 77 195 208 104 234 216 253 11 64 4 2 133 220 88 197 11 143 127 103 213 194 236 48 63 207 119 253 112 85 165 158 105 159 127 194 236 53 196 51 162 129 184 94 157 175 82 34 207 239 8 79 86 106 189 134 144 197 217 123 114 109 173 238 252]"
cryptoupgrade-local5-node3  | WARN [09-02|18:03:02.101] Served eth_call                          conn=172.19.0.1:40232 reqid=2 duration="257.29µs" err="algorithm SchnorrVerifyLatency001 is not loaded"
cryptoupgrade-local5-node3  | INFO [09-02|18:03:07.021] Imported new chain segment               number=43 hash=f34220..08b40b blocks=1 txs=2 mgas=2.320 elapsed=3.647ms     mgasps=635.944 triediffs=2.27KiB triedirty=0.00B ignored=1
cryptoupgrade-local5-node3  | INFO [09-02|18:03:07.105] Activated upgrade algorithm              name=SchnorrVerifyLatency001
cryptoupgrade-local5-node3  | INFO [09-02|18:03:07.171] Call upgrade algorithm                   name=SchnorrVerifyLatency001  block=43 input="[0 0 0 0 0 0 0 0 0 0 0 0 0 0 0 0 0 0 0 0 0 0 0 0 0 0 0 0 0 0 0 64 0 0 0 0 0 0 0 0 0 0 0 0 0 0 0 0 0 0 0 0 0 0 0 0 0 0 0 0 0 0 0 128 0 0 0 0 0 0 0 0 0 0 0 0 0 0 0 0 0 0 0 0 0 0 0 0 0 0 0 0 0 0 0 31 99 114 121 112 116 111 117 112 103 114 97 100 101 32 115 99 104 110 111 114 114 32 98 101 110 99 104 109 97 114 107 0 0 0 0 0 0 0 0 0 0 0 0 0 0 0 0 0 0 0 0 0 0 0 0 0 0 0 0 0 0 0 3 0 0 0 0 0 0 0 0 0 0 0 0 0 0 0 0 0 0 0 0 0 0 0 0 0 0 0 0 0 0 0 0 0 0 0 0 0 0 0 0 0 0 0 0 0 0 0 0 0 0 0 0 0 0 0 0 0 0 0 0 0 0 0 0 0 0 0 0 0 0 0 0 0 0 0 0 0 0 0 0 0 0 0 0 0 0 0 0 0 0 0 0 0 0 0 0 0 0 0 0 0 0 0 0 0 0 0 0 0 0 0 0 0 0 0 0 0 0 0 0 0 0 0 0 0 0 0 0 0 0 0 0 0 0 0 0 0 0 0 0 0 0 0 0 0 0 0 0 0 0 0 0 0 0 0 0 0 0 0 0 0 0 0 0 0 0 0 0 0 0 0 0 0 0 0 0 0 0 0 0 0 0 0 0 0 0 0 0 0 0 0 0 0 0 0 0 0 0 0 0 0 0 0 0 0 0 0 0 0 0 0 0 0 0 0 0 0 0 0 0 0 0 0 0 0 0 0 0 0 0 0 0 0 0 0 0 0 0 0 0 0 0 0 0 0 0 0 0 0 0 0 0 4 0 0 0 0 0 0 0 0 0 0 0 0 0 0 0 0 0 0 0 0 0 0 0 0 0 0 0 0 0 0 0 0 0 0 0 0 0 0 0 0 0 0 0 0 0 0 0 0 0 0 0 0 0 0 0 0 0 0 0 0 0 0 0 0 0 0 0 0 0 0 0 0 0 0 0 0 0 0 0 0 0 0 0 0 0 0 0 0 0 0 0 0 0 0 0 0 0 0 0 0 0 0 0 0 0 0 0 0 0 0 0 0 0 0 0 0 0 0 0 0 0 0 0 0 0 0 0 0 0 0 0 0 0 0 0 0 0 0 0 0 0 0 0 0 0 0 0 0 0 0 0 0 0 0 0 0 0 0 0 0 0 0 0 0 0 0 0 0 0 0 0 0 0 0 0 0 0 0 0 0 0 0 0 0 0 0 0 0 0 0 0 0 0 0 0 0 0 0 0 0 0 0 0 0 0 0 0 0 0 0 0 0 0 0 0 0 0 0 0 0 0 0 0 0 0 0 0 0 0 0 0 0 0 0 0 0 0 0 0 0 0 0 0 0 0 0 0 0 0 0 0 0 0 0 64 0 0 0 0 0 0 0 0 0 0 0 0 0 0 0 0 0 0 0 0 0 0 0 0 0 0 0 0 0 0 0 0 0 0 0 0 0 0 0 0 0 0 0 0 0 0 0 0 0 0 0 0 0 0 0 0 0 0 0 0 0 0 0 0 0 0 0 0 0 0 0 0 0 0 0 0 0 0 0 0 0 0 0 0 0 0 0 0 0 0 0 0 0 0 0 0 0 0 0 0 0 0 0 0 0 0 0 0 0 0 0 0 0 0 0 0 0 0 0 0 0 0 0 0 0 0 0 0 0 0 0 0 0 0 0 0 0 0 0 0 0 0 0 0 0 0 0 0 0 0 0 0 0 0 0 0 0 0 0 0 0 0 0 0 0 0 0 0 0 0 0 0 0 0 0 0 0 0 0 0 0 0 0 0 0 0 0 0 0 0 0 0 0 0 0 0 0 0 0 0 0 0 0 0 0 0 0 0 0 0 0 0 0 0 0 0 0 0 0 0 0 0 0 0 0 0 0 0 14 110 122 108 26 170 60 125 125 229 174 3 214 151 76 151 92 126 187 251 25 42 60 171 17 245 105 199 248 51 252 229 64]"
cryptoupgrade-local5-node3  | INFO [09-02|18:03:07.172] Loaded upgrade algorithm                 name=SchnorrVerifyLatency001  wasmPath=/plugin/wasm/SchnorrVerifyLatency001.wasm compiledPath=/plugin/compiled/SchnorrVerifyLatency001
cryptoupgrade-local5-node3  | INFO [09-02|18:03:07.454] Successfully called upgrade algorithm    gas=18,446,744,073,709,551,615 output="[0 0 0 0 0 0 0 0 0 0 0 0 0 0 0 0 0 0 0 0 0 0 0 0 0 0 0 0 0 0 0 1]"
cryptoupgrade-local5-node3  | INFO [09-02|18:03:12.009] Imported new chain segment               number=44 hash=8c676d..7214cd blocks=1 txs=1 mgas=0.000 elapsed="924.95µs"  mgasps=0.000   triediffs=2.27KiB triedirty=0.00B ignored=1
cryptoupgrade-local5-node3  | INFO [09-02|18:03:17.005] Imported new chain segment               number=45 hash=48d9fb..b307ff blocks=1 txs=0 mgas=0.000 elapsed="591.546µs" mgasps=0.000   triediffs=2.27KiB triedirty=0.00B ignored=1
cryptoupgrade-local5-node3  | INFO [09-02|18:03:22.006] Imported new chain segment               number=46 hash=9d8806..18535f blocks=1 txs=0 mgas=0.000 elapsed="874.294µs" mgasps=0.000   triediffs=2.27KiB triedirty=0.00B ignored=1
cryptoupgrade-local5-node3  | INFO [09-02|18:03:27.004] Imported new chain segment               number=47 hash=f0ab01..7ae9f9 blocks=1 txs=0 mgas=0.000 elapsed="623.727µs" mgasps=0.000   triediffs=2.27KiB triedirty=0.00B ignored=1
cryptoupgrade-local5-node3  | INFO [09-02|18:03:32.005] Imported new chain segment               number=48 hash=81a888..5e8dcb blocks=1 txs=0 mgas=0.000 elapsed="801.104µs" mgasps=0.000   triediffs=2.27KiB triedirty=0.00B ignored=1
cryptoupgrade-local5-node3  | INFO [09-02|18:03:37.005] Imported new chain segment               number=49 hash=dbb8c9..501de2 blocks=1 txs=0 mgas=0.000 elapsed="674.384µs" mgasps=0.000   triediffs=2.27KiB triedirty=0.00B ignored=1
cryptoupgrade-local5-node3  | INFO [09-02|18:03:42.007] Imported new chain segment               number=50 hash=686c93..3008ae blocks=1 txs=1 mgas=0.338 elapsed=1.203ms     mgasps=280.822 triediffs=2.59KiB triedirty=0.00B
cryptoupgrade-local5-node3  | INFO [09-02|18:03:42.036] Activated upgrade algorithm              name=Add
cryptoupgrade-local5-node3  | INFO [09-02|18:03:47.006] Imported new chain segment               number=51 hash=41c14f..e95b3d blocks=1 txs=2 mgas=0.090 elapsed=1.327ms     mgasps=68.046  triediffs=3.17KiB triedirty=0.00B ignored=1
cryptoupgrade-local5-node3  | INFO [09-02|18:03:52.008] Imported new chain segment               number=52 hash=3aa4c4..2315b7 blocks=1 txs=2 mgas=1.757 elapsed=2.835ms     mgasps=619.827 triediffs=3.54KiB triedirty=0.00B ignored=1
cryptoupgrade-local5-node3  | INFO [09-02|18:03:52.065] Activated upgrade algorithm              name=Sha256
cryptoupgrade-local5-node3  | INFO [09-02|18:03:57.012] Imported new chain segment               number=53 hash=6c530d..e74f1c blocks=1 txs=2 mgas=0.131 elapsed=1.780ms     mgasps=73.352  triediffs=4.15KiB triedirty=0.00B ignored=1
cryptoupgrade-local5-node3  | INFO [09-02|18:04:02.006] Imported new chain segment               number=54 hash=a01e36..459bbe blocks=1 txs=2 mgas=0.292 elapsed=1.389ms     mgasps=210.095 triediffs=4.55KiB triedirty=0.00B ignored=1
cryptoupgrade-local5-node3  | INFO [09-02|18:04:02.039] Activated upgrade algorithm              name=Sum256
cryptoupgrade-local5-node3  | INFO [09-02|18:04:07.005] Imported new chain segment               number=55 hash=7d234a..6bcb50 blocks=1 txs=2 mgas=0.857 elapsed=1.450ms     mgasps=590.527 triediffs=5.19KiB triedirty=0.00B ignored=1
cryptoupgrade-local5-node3  | INFO [09-02|18:04:12.008] Imported new chain segment               number=56 hash=fb7c1e..6dd41f blocks=1 txs=2 mgas=1.850 elapsed=2.153ms     mgasps=858.926 triediffs=5.62KiB triedirty=0.00B ignored=1
cryptoupgrade-local5-node3  | INFO [09-02|18:04:12.078] Activated upgrade algorithm              name=Pbkdf2Sha256
cryptoupgrade-local5-node3  | INFO [09-02|18:04:17.010] Imported new chain segment               number=57 hash=357c6b..8fb992 blocks=1 txs=2 mgas=0.389 elapsed=1.942ms     mgasps=200.269 triediffs=6.29KiB triedirty=0.00B ignored=1
cryptoupgrade-local5-node3  | INFO [09-02|18:04:22.007] Imported new chain segment               number=58 hash=5f1305..c8c60a blocks=1 txs=2 mgas=1.035 elapsed=1.679ms     mgasps=615.974 triediffs=6.75KiB triedirty=0.00B ignored=1
cryptoupgrade-local5-node3  | INFO [09-02|18:04:22.074] Activated upgrade algorithm              name=Dh2048Secret
cryptoupgrade-local5-node3  | INFO [09-02|18:04:27.009] Imported new chain segment               number=59 hash=406fc1..8ed23c blocks=1 txs=2 mgas=0.591 elapsed=1.800ms     mgasps=328.093 triediffs=7.45KiB triedirty=0.00B ignored=1
cryptoupgrade-local5-node3  | INFO [09-02|18:04:32.009] Imported new chain segment               number=60 hash=7271a8..8f695c blocks=1 txs=2 mgas=2.317 elapsed=2.838ms     mgasps=816.083 triediffs=7.95KiB triedirty=0.00B ignored=1
cryptoupgrade-local5-node3  | INFO [09-02|18:04:32.090] Activated upgrade algorithm              name=PedersenCommit
cryptoupgrade-local5-node3  | INFO [09-02|18:04:37.007] Imported new chain segment               number=61 hash=92a6c8..78d5c0 blocks=1 txs=2 mgas=0.721 elapsed=1.652ms     mgasps=436.560 triediffs=8.68KiB triedirty=0.00B ignored=1
cryptoupgrade-local5-node3  | INFO [09-02|18:04:42.010] Imported new chain segment               number=62 hash=6fb1d0..560532 blocks=1 txs=2 mgas=2.320 elapsed=2.730ms     mgasps=849.376 triediffs=9.21KiB triedirty=0.00B ignored=1
cryptoupgrade-local5-node3  | INFO [09-02|18:04:42.093] Activated upgrade algorithm              name=SchnorrVerify
cryptoupgrade-local5-node3  | INFO [09-02|18:04:47.009] Imported new chain segment               number=63 hash=77987f..16334f blocks=1 txs=2 mgas=0.967 elapsed=1.451ms     mgasps=666.303 triediffs=9.97KiB triedirty=0.00B ignored=1
cryptoupgrade-local5-node3  | INFO [09-02|18:04:52.007] Imported new chain segment               number=64 hash=f26b96..d8cff0 blocks=1 txs=1 mgas=0.000 elapsed="886.136µs" mgasps=0.000   triediffs=9.97KiB triedirty=0.00B ignored=1
cryptoupgrade-local5-node3  | INFO [09-02|18:04:57.005] Imported new chain segment               number=65 hash=96b243..72f9d1 blocks=1 txs=0 mgas=0.000 elapsed="763.192µs" mgasps=0.000   triediffs=9.97KiB triedirty=0.00B ignored=1
cryptoupgrade-local5-node3  | INFO [09-02|18:05:02.003] Imported new chain segment               number=66 hash=9bd55e..75d4c8 blocks=1 txs=0 mgas=0.000 elapsed="716.574µs" mgasps=0.000   triediffs=9.97KiB triedirty=0.00B ignored=1
cryptoupgrade-local5-node3  | INFO [09-02|18:05:07.005] Imported new chain segment               number=67 hash=17ff83..7e24b7 blocks=1 txs=0 mgas=0.000 elapsed="674.324µs" mgasps=0.000   triediffs=9.97KiB triedirty=0.00B ignored=1
cryptoupgrade-local5-node3  | INFO [09-02|18:05:12.005] Imported new chain segment               number=68 hash=d4abb5..c0fbb5 blocks=1 txs=0 mgas=0.000 elapsed="724.619µs" mgasps=0.000   triediffs=9.97KiB triedirty=0.00B ignored=1
cryptoupgrade-local5-node3  | INFO [09-02|18:05:17.005] Imported new chain segment               number=69 hash=78608c..b60548 blocks=1 txs=0 mgas=0.000 elapsed="691.216µs" mgasps=0.000   triediffs=9.97KiB triedirty=0.00B ignored=1
cryptoupgrade-local5-node3  | WARN [09-02|18:05:20.718] Beacon client online, but no consensus updates received in a while. Please fix your beacon client to follow the chain!
cryptoupgrade-local5-node3  | INFO [09-02|18:05:22.004] Imported new chain segment               number=70 hash=5c84f2..1f54bf blocks=1 txs=0 mgas=0.000 elapsed="644.908µs" mgasps=0.000   triediffs=9.97KiB triedirty=0.00B ignored=1
cryptoupgrade-local5-node3  | INFO [09-02|19:00:30.412] Imported new chain segment               number=71 hash=19c4fb..26648b blocks=1 txs=0 mgas=0.000 elapsed=1.076ms     mgasps=0.000   age=55m3s    triediffs=9.97KiB triedirty=0.00B ignored=1
cryptoupgrade-local5-node3  | INFO [09-02|19:00:31.690] Imported new chain segment               number=72 hash=80f92c..73e7a9 blocks=1 txs=0 mgas=0.000 elapsed=131.635ms   mgasps=0.000   triediffs=9.97KiB triedirty=0.00B ignored=1
cryptoupgrade-local5-node3  | INFO [09-02|23:59:13.257] Imported new chain segment               number=73 hash=5bbb4e..332fe5 blocks=1 txs=0 mgas=0.000 elapsed=1.177ms     mgasps=0.000   triediffs=9.97KiB triedirty=0.00B ignored=1
cryptoupgrade-local5-node3  | INFO [09-03|00:10:26.260] Imported new chain segment               number=74 hash=6ca62f..4b3354 blocks=1 txs=0 mgas=0.000 elapsed="805.082µs" mgasps=0.000   age=11m8s    triediffs=9.97KiB triedirty=0.00B ignored=1
cryptoupgrade-local5-node3  | INFO [09-03|00:10:27.263] Imported new chain segment               number=75 hash=60cec6..371510 blocks=1 txs=0 mgas=0.000 elapsed="988.671µs" mgasps=0.000   triediffs=9.97KiB triedirty=0.00B ignored=1
cryptoupgrade-local5-node3  | INFO [09-03|00:10:32.016] Imported new chain segment               number=76 hash=51a0cb..630c02 blocks=1 txs=0 mgas=0.000 elapsed=1.065ms     mgasps=0.000   triediffs=9.97KiB triedirty=0.00B ignored=1
cryptoupgrade-local5-node3  | INFO [09-03|00:10:37.011] Imported new chain segment               number=77 hash=d662db..9536d2 blocks=1 txs=0 mgas=0.000 elapsed=3.586ms     mgasps=0.000   triediffs=9.97KiB triedirty=0.00B ignored=1
cryptoupgrade-local5-node3  | INFO [09-03|00:10:42.009] Imported new chain segment               number=78 hash=54e18a..1391fe blocks=1 txs=0 mgas=0.000 elapsed=1.179ms     mgasps=0.000   triediffs=9.97KiB triedirty=0.00B ignored=1
cryptoupgrade-local5-node3  | INFO [09-03|00:10:47.007] Imported new chain segment               number=79 hash=8fc232..2e86b9 blocks=1 txs=0 mgas=0.000 elapsed=1.021ms     mgasps=0.000   triediffs=9.97KiB triedirty=0.00B ignored=1
cryptoupgrade-local5-node3  | INFO [09-03|00:10:52.007] Imported new chain segment               number=80 hash=b2a63a..0b1887 blocks=1 txs=0 mgas=0.000 elapsed=1.789ms     mgasps=0.000   triediffs=9.97KiB triedirty=0.00B ignored=1
cryptoupgrade-local5-node3  | INFO [09-03|00:10:57.005] Imported new chain segment               number=81 hash=17593b..15e3ac blocks=1 txs=0 mgas=0.000 elapsed="849.397µs" mgasps=0.000   triediffs=9.97KiB triedirty=0.00B ignored=1
cryptoupgrade-local5-node3  | INFO [09-03|00:11:02.007] Imported new chain segment               number=82 hash=2e6266..b08a25 blocks=1 txs=0 mgas=0.000 elapsed="858.244µs" mgasps=0.000   triediffs=9.97KiB triedirty=0.00B ignored=1
cryptoupgrade-local5-node3  | INFO [09-03|00:11:07.006] Imported new chain segment               number=83 hash=179b3d..de3c9a blocks=1 txs=0 mgas=0.000 elapsed="664.729µs" mgasps=0.000   triediffs=9.97KiB triedirty=0.00B ignored=1
cryptoupgrade-local5-node3  | INFO [09-03|00:11:12.007] Imported new chain segment               number=84 hash=19cd47..0a5b06 blocks=1 txs=0 mgas=0.000 elapsed=1.086ms     mgasps=0.000   triediffs=9.97KiB triedirty=0.00B ignored=1
cryptoupgrade-local5-node3  | INFO [09-03|00:11:17.004] Imported new chain segment               number=85 hash=b3c0e1..59360b blocks=1 txs=0 mgas=0.000 elapsed="833.186µs" mgasps=0.000   triediffs=9.97KiB triedirty=0.00B ignored=1
cryptoupgrade-local5-node3  | INFO [09-03|00:11:22.010] Imported new chain segment               number=86 hash=0683c2..3b088c blocks=1 txs=1 mgas=0.340 elapsed=1.404ms     mgasps=241.752 triediffs=10.53KiB triedirty=0.00B
cryptoupgrade-local5-node3  | INFO [09-03|00:11:22.055] Activated upgrade algorithm version      name=Add                      version=1,788,394,269,857,833 activationBlock=83
cryptoupgrade-local5-node3  | INFO [09-03|00:11:22.197] Call upgrade algorithm                   name=Add                      block=83 input="[0 0 0 0 0 0 0 0 0 0 0 0 0 0 0 0 0 0 0 0 0 0 0 0 0 0 0 0 0 0 0 100 0 0 0 0 0 0 0 0 0 0 0 0 0 0 0 0 0 0 0 0 0 0 0 0 0 0 0 0 0 0 0 100]"
cryptoupgrade-local5-node3  | INFO [09-03|00:11:22.197] Loaded upgrade algorithm                 name=Add                      wasmPath=/plugin/wasm/Add-1788394269857833.wasm   compiledPath=/plugin/compiled/Add-1788394269857833
cryptoupgrade-local5-node3  | INFO [09-03|00:11:22.197] Successfully called upgrade algorithm    gas=18,446,744,073,709,551,615 output="[0 0 0 0 0 0 0 0 0 0 0 0 0 0 0 0 0 0 0 0 0 0 0 0 0 0 0 0 0 0 0 200]"
cryptoupgrade-local5-node3  | INFO [09-03|00:11:27.006] Imported new chain segment               number=87 hash=1c5349..b01e33 blocks=1 txs=1 mgas=0.000 elapsed="677.202µs" mgasps=0.000   triediffs=10.53KiB triedirty=0.00B ignored=1
cryptoupgrade-local5-node3  | INFO [09-03|00:11:32.009] Imported new chain segment               number=88 hash=e413a9..2db635 blocks=1 txs=1 mgas=0.341 elapsed=1.628ms     mgasps=209.150 triediffs=11.09KiB triedirty=0.00B
cryptoupgrade-local5-node3  | INFO [09-03|00:11:32.067] Activated upgrade algorithm version      name=Add                      version=1,788,394,269,857,834 activationBlock=88
cryptoupgrade-local5-node3  | INFO [09-03|00:11:32.129] Call upgrade algorithm                   name=Add                      block=88 input="[0 0 0 0 0 0 0 0 0 0 0 0 0 0 0 0 0 0 0 0 0 0 0 0 0 0 0 0 0 0 0 100 0 0 0 0 0 0 0 0 0 0 0 0 0 0 0 0 0 0 0 0 0 0 0 0 0 0 0 0 0 0 0 100]"
cryptoupgrade-local5-node3  | INFO [09-03|00:11:32.129] Loaded upgrade algorithm                 name=Add                      wasmPath=/plugin/wasm/Add-1788394269857834.wasm   compiledPath=/plugin/compiled/Add-1788394269857834
cryptoupgrade-local5-node3  | INFO [09-03|00:11:32.129] Successfully called upgrade algorithm    gas=18,446,744,073,709,551,615 output="[0 0 0 0 0 0 0 0 0 0 0 0 0 0 0 0 0 0 0 0 0 0 0 0 0 0 0 0 0 0 0 205]"
cryptoupgrade-local5-node3  | INFO [09-03|00:11:32.149] Call upgrade algorithm                   name=Add                      block=87 input="[0 0 0 0 0 0 0 0 0 0 0 0 0 0 0 0 0 0 0 0 0 0 0 0 0 0 0 0 0 0 0 100 0 0 0 0 0 0 0 0 0 0 0 0 0 0 0 0 0 0 0 0 0 0 0 0 0 0 0 0 0 0 0 100]"
cryptoupgrade-local5-node3  | INFO [09-03|00:11:32.149] Loaded upgrade algorithm                 name=Add                      wasmPath=/plugin/wasm/Add-1788394269857833.wasm   compiledPath=/plugin/compiled/Add-1788394269857833
cryptoupgrade-local5-node3  | INFO [09-03|00:11:32.149] Successfully called upgrade algorithm    gas=18,446,744,073,709,551,615 output="[0 0 0 0 0 0 0 0 0 0 0 0 0 0 0 0 0 0 0 0 0 0 0 0 0 0 0 0 0 0 0 200]"
cryptoupgrade-local5-node3  | INFO [09-03|00:11:32.164] Call upgrade algorithm                   name=Add                      block=88 input="[0 0 0 0 0 0 0 0 0 0 0 0 0 0 0 0 0 0 0 0 0 0 0 0 0 0 0 0 0 0 0 100 0 0 0 0 0 0 0 0 0 0 0 0 0 0 0 0 0 0 0 0 0 0 0 0 0 0 0 0 0 0 0 100]"
cryptoupgrade-local5-node3  | INFO [09-03|00:11:32.164] Loaded upgrade algorithm                 name=Add                      wasmPath=/plugin/wasm/Add-1788394269857834.wasm   compiledPath=/plugin/compiled/Add-1788394269857834
cryptoupgrade-local5-node3  | INFO [09-03|00:11:32.164] Successfully called upgrade algorithm    gas=18,446,744,073,709,551,615 output="[0 0 0 0 0 0 0 0 0 0 0 0 0 0 0 0 0 0 0 0 0 0 0 0 0 0 0 0 0 0 0 205]"
cryptoupgrade-local5-node3  | INFO [09-03|00:11:37.005] Imported new chain segment               number=89 hash=3e11c4..6e7db2 blocks=1 txs=1 mgas=0.000 elapsed="684.603µs" mgasps=0.000   triediffs=11.09KiB triedirty=0.00B ignored=1
cryptoupgrade-local5-node3  | INFO [09-03|00:11:42.007] Imported new chain segment               number=90 hash=50dd4b..01736a blocks=1 txs=1 mgas=0.340 elapsed=1.465ms     mgasps=231.744 triediffs=11.65KiB triedirty=0.00B
cryptoupgrade-local5-node3  | INFO [09-03|00:11:42.053] Activated upgrade algorithm version      name=Add                      version=1,788,394,292,169,885 activationBlock=88
cryptoupgrade-local5-node3  | INFO [09-03|00:11:42.201] Call upgrade algorithm                   name=Add                      block=88 input="[0 0 0 0 0 0 0 0 0 0 0 0 0 0 0 0 0 0 0 0 0 0 0 0 0 0 0 0 0 0 0 100 0 0 0 0 0 0 0 0 0 0 0 0 0 0 0 0 0 0 0 0 0 0 0 0 0 0 0 0 0 0 0 100]"
cryptoupgrade-local5-node3  | INFO [09-03|00:11:42.201] Loaded upgrade algorithm                 name=Add                      wasmPath=/plugin/wasm/Add-1788394292169885.wasm   compiledPath=/plugin/compiled/Add-1788394292169885
cryptoupgrade-local5-node3  | INFO [09-03|00:11:42.201] Successfully called upgrade algorithm    gas=18,446,744,073,709,551,615 output="[0 0 0 0 0 0 0 0 0 0 0 0 0 0 0 0 0 0 0 0 0 0 0 0 0 0 0 0 0 0 0 200]"
cryptoupgrade-local5-node3  | INFO [09-03|00:11:47.005] Imported new chain segment               number=91 hash=61a022..88e6f3 blocks=1 txs=1 mgas=0.000 elapsed="773.623µs" mgasps=0.000   triediffs=11.65KiB triedirty=0.00B ignored=1
cryptoupgrade-local5-node3  | INFO [09-03|00:11:52.007] Imported new chain segment               number=92 hash=c09a68..add645 blocks=1 txs=1 mgas=0.340 elapsed=1.467ms     mgasps=231.542 triediffs=12.21KiB triedirty=0.00B
cryptoupgrade-local5-node3  | INFO [09-03|00:11:52.054] Activated upgrade algorithm version      name=Add                      version=1,788,394,292,169,886 activationBlock=92
cryptoupgrade-local5-node3  | INFO [09-03|00:11:52.077] Call upgrade algorithm                   name=Add                      block=92 input="[0 0 0 0 0 0 0 0 0 0 0 0 0 0 0 0 0 0 0 0 0 0 0 0 0 0 0 0 0 0 0 100 0 0 0 0 0 0 0 0 0 0 0 0 0 0 0 0 0 0 0 0 0 0 0 0 0 0 0 0 0 0 0 100]"
cryptoupgrade-local5-node3  | INFO [09-03|00:11:52.077] Loaded upgrade algorithm                 name=Add                      wasmPath=/plugin/wasm/Add-1788394292169886.wasm   compiledPath=/plugin/compiled/Add-1788394292169886
cryptoupgrade-local5-node3  | INFO [09-03|00:11:52.077] Successfully called upgrade algorithm    gas=18,446,744,073,709,551,615 output="[0 0 0 0 0 0 0 0 0 0 0 0 0 0 0 0 0 0 0 0 0 0 0 0 0 0 0 0 0 0 0 205]"
cryptoupgrade-local5-node3  | INFO [09-03|00:11:52.102] Call upgrade algorithm                   name=Add                      block=92 input="[0 0 0 0 0 0 0 0 0 0 0 0 0 0 0 0 0 0 0 0 0 0 0 0 0 0 0 0 0 0 0 100 0 0 0 0 0 0 0 0 0 0 0 0 0 0 0 0 0 0 0 0 0 0 0 0 0 0 0 0 0 0 0 100]"
cryptoupgrade-local5-node3  | INFO [09-03|00:11:52.102] Loaded upgrade algorithm                 name=Add                      wasmPath=/plugin/wasm/Add-1788394292169886.wasm   compiledPath=/plugin/compiled/Add-1788394292169886
cryptoupgrade-local5-node3  | INFO [09-03|00:11:52.102] Successfully called upgrade algorithm    gas=18,446,744,073,709,551,615 output="[0 0 0 0 0 0 0 0 0 0 0 0 0 0 0 0 0 0 0 0 0 0 0 0 0 0 0 0 0 0 0 205]"
cryptoupgrade-local5-node3  | INFO [09-03|00:11:57.005] Imported new chain segment               number=93 hash=95c098..788ecb blocks=1 txs=1 mgas=0.000 elapsed="549.076µs" mgasps=0.000   triediffs=12.21KiB triedirty=0.00B ignored=1
cryptoupgrade-local5-node3  | INFO [09-03|00:12:02.004] Imported new chain segment               number=94 hash=ea5528..a43d14 blocks=1 txs=0 mgas=0.000 elapsed="741.973µs" mgasps=0.000   triediffs=12.21KiB triedirty=0.00B ignored=1
cryptoupgrade-local5-node3  | INFO [09-03|00:12:07.003] Imported new chain segment               number=95 hash=f950f5..de4a79 blocks=1 txs=0 mgas=0.000 elapsed="754.497µs" mgasps=0.000   triediffs=12.21KiB triedirty=0.00B ignored=1
cryptoupgrade-local5-node3  | INFO [09-03|00:12:12.003] Imported new chain segment               number=96 hash=fa228f..0f226f blocks=1 txs=0 mgas=0.000 elapsed="764.11µs"  mgasps=0.000   triediffs=12.21KiB triedirty=0.00B ignored=1
